Archive member included to satisfy reference by file (symbol)

libslc_out_of_box_demo.a(rsi_board.c.obj)
                              CMakeFiles/out_of_box_demo.dir/home/happycpu/SimplicityStudio/v5_workspace/out_of_box_demo/autogen/sl_event_handler.c.obj (RSI_Board_Init)
libslc_out_of_box_demo.a(sl_utility.c.obj)
                              CMakeFiles/out_of_box_demo.dir/home/happycpu/SimplicityStudio/v5_workspace/out_of_box_demo/ble_app.c.obj (print_firmware_version)
libslc_out_of_box_demo.a(startup_si91x.c.obj)
                              (Reset_Handler)
libslc_out_of_box_demo.a(system_si91x.c.obj)
                              CMakeFiles/out_of_box_demo.dir/home/happycpu/SimplicityStudio/v5_workspace/out_of_box_demo/autogen/sl_event_handler.c.obj (SystemCoreClockUpdate)
libslc_out_of_box_demo.a(rsi_debug.c.obj)
                              CMakeFiles/out_of_box_demo.dir/home/happycpu/SimplicityStudio/v5_workspace/out_of_box_demo/autogen/sl_event_handler.c.obj (Board_Debug_Init)
libslc_out_of_box_demo.a(syscalls.c.obj)
                              (_getpid)
libslc_out_of_box_demo.a(rsi_nvic_priorities_config.c.obj)
                              CMakeFiles/out_of_box_demo.dir/home/happycpu/SimplicityStudio/v5_workspace/out_of_box_demo/autogen/sl_event_handler.c.obj (sl_si91x_device_init_nvic)
libslc_out_of_box_demo.a(USART.c.obj)
                              libslc_out_of_box_demo.a(rsi_debug.c.obj) (RSI_ULPUartHandler)
libslc_out_of_box_demo.a(sl_si91x_button.c.obj)
                              CMakeFiles/out_of_box_demo.dir/home/happycpu/SimplicityStudio/v5_workspace/out_of_box_demo/autogen/sl_si91x_button_instances.c.obj (sl_si91x_button_init)
libslc_out_of_box_demo.a(clock_update.c.obj)
                              libslc_out_of_box_demo.a(USART.c.obj) (RSI_CLK_GetBaseClock)
libslc_out_of_box_demo.a(rsi_egpio.c.obj)
                              libslc_out_of_box_demo.a(rsi_board.c.obj) (egpio_set_dir)
libslc_out_of_box_demo.a(rsi_usart.c.obj)
                              libslc_out_of_box_demo.a(USART.c.obj) (UartIrqHandler)
libslc_out_of_box_demo.a(sl_si91x_clock_manager.c.obj)
                              CMakeFiles/out_of_box_demo.dir/home/happycpu/SimplicityStudio/v5_workspace/out_of_box_demo/autogen/sl_event_handler.c.obj (sl_si91x_clock_manager_init)
libslc_out_of_box_demo.a(sl_si91x_power_manager.c.obj)
                              CMakeFiles/out_of_box_demo.dir/home/happycpu/SimplicityStudio/v5_workspace/out_of_box_demo/autogen/sl_event_handler.c.obj (sl_si91x_power_manager_init)
libslc_out_of_box_demo.a(sli_si91x_power_manager.c.obj)
                              libslc_out_of_box_demo.a(sl_si91x_power_manager.c.obj) (sli_si91x_power_manager_change_power_state)
libslc_out_of_box_demo.a(rsi_ipmu.c.obj)
                              libslc_out_of_box_demo.a(system_si91x.c.obj) (RSI_Ipmu_Init)
libslc_out_of_box_demo.a(rsi_pll.c.obj)
                              libslc_out_of_box_demo.a(sl_si91x_clock_manager.c.obj) (clk_m4_soc_clk_config)
libslc_out_of_box_demo.a(rsi_time_period.c.obj)
                              libslc_out_of_box_demo.a(sli_si91x_power_manager.c.obj) (RSI_TIMEPERIOD_TimerClkSel)
libslc_out_of_box_demo.a(rsi_ulpss_clk.c.obj)
                              libslc_out_of_box_demo.a(sl_si91x_clock_manager.c.obj) (ulpss_ref_clk_config)
libslc_out_of_box_demo.a(sl_si91x_bjt_temperature_sensor.c.obj)
                              libslc_out_of_box_demo.a(rsi_ipmu.c.obj) (sl_si91x_bjt_temperature_sensor_init)
libslc_out_of_box_demo.a(sl_si91x_driver_gpio.c.obj)
                              libslc_out_of_box_demo.a(sl_si91x_button.c.obj) (sl_gpio_driver_configure_interrupt)
libslc_out_of_box_demo.a(sl_si91x_peripheral_gpio.c.obj)
                              libslc_out_of_box_demo.a(sl_si91x_driver_gpio.c.obj) (sl_si91x_gpio_enable_pad_selection)
libslc_out_of_box_demo.a(rsi_hal_mcu_m4_rom.c.obj)
                              libslc_out_of_box_demo.a(sli_si91x_power_manager.c.obj) (sl_si91x_host_clear_sleep_indicator)
libslc_out_of_box_demo.a(sl_platform.c.obj)
                              CMakeFiles/out_of_box_demo.dir/home/happycpu/SimplicityStudio/v5_workspace/out_of_box_demo/autogen/sl_event_handler.c.obj (sli_si91x_platform_init)
libslc_out_of_box_demo.a(sl_si91x_bus.c.obj)
                              libslc_out_of_box_demo.a(rsi_hal_mcu_m4_rom.c.obj) (sli_ahb_bus_rx_queue)
libslc_out_of_box_demo.a(sli_siwx917_soc.c.obj)
                              libslc_out_of_box_demo.a(sl_platform.c.obj) (rsi_waitfor_boardready)
libslc_out_of_box_demo.a(rsi_ble_gap_apis.c.obj)
                              CMakeFiles/out_of_box_demo.dir/home/happycpu/SimplicityStudio/v5_workspace/out_of_box_demo/ble_app.c.obj (rsi_ble_start_advertising)
libslc_out_of_box_demo.a(rsi_ble_gatt_apis.c.obj)
                              CMakeFiles/out_of_box_demo.dir/home/happycpu/SimplicityStudio/v5_workspace/out_of_box_demo/ble_app.c.obj (rsi_ble_add_service)
[...]
Memory Configuration

Name             Origin             Length             Attributes
rom              0x0000000008202000 0x00000000001fe000 xr
ram              0x0000000000000400 0x000000000002f800 xrw
udma0            0x000000000002fc00 0x0000000000000400 xrw
udma1            0x0000000024061c00 0x0000000000000400 xrw
*default*        0x0000000000000000 0xffffffffffffffff

Linker script and memory map

LOAD /home/happycpu/SimplicityStudio_v5/developer/toolchains/gnu_arm/12.2.rel1_2023.7/bin/../lib/gcc/arm-none-eabi/12.2.1/thumb/v7e-m+fp/softfp/crti.o
LOAD /home/happycpu/SimplicityStudio_v5/developer/toolchains/gnu_arm/12.2.rel1_2023.7/bin/../lib/gcc/arm-none-eabi/12.2.1/thumb/v7e-m+fp/softfp/crtbegin.o
LOAD /home/happycpu/SimplicityStudio_v5/developer/toolchains/gnu_arm/12.2.rel1_2023.7/bin/../lib/gcc/arm-none-eabi/12.2.1/../../../../arm-none-eabi/lib/thumb/v7e-m+fp/softfp/crt0.o
LOAD CMakeFiles/out_of_box_demo.dir/home/happycpu/SimplicityStudio/v5_workspace/out_of_box_demo/app.c.obj
LOAD CMakeFiles/out_of_box_demo.dir/home/happycpu/SimplicityStudio/v5_workspace/out_of_box_demo/autogen/sl_event_handler.c.obj
LOAD CMakeFiles/out_of_box_demo.dir/home/happycpu/SimplicityStudio/v5_workspace/out_of_box_demo/autogen/sl_si91x_button_instances.c.obj
LOAD CMakeFiles/out_of_box_demo.dir/home/happycpu/SimplicityStudio/v5_workspace/out_of_box_demo/autogen/sl_si91x_power_manager_handler.c.obj
LOAD CMakeFiles/out_of_box_demo.dir/home/happycpu/SimplicityStudio/v5_workspace/out_of_box_demo/autogen/sl_si91x_power_manager_wakeup_handler.c.obj
LOAD CMakeFiles/out_of_box_demo.dir/home/happycpu/SimplicityStudio/v5_workspace/out_of_box_demo/autogen/sl_ulp_timer_init.c.obj
LOAD CMakeFiles/out_of_box_demo.dir/home/happycpu/SimplicityStudio/v5_workspace/out_of_box_demo/ble_app.c.obj
LOAD CMakeFiles/out_of_box_demo.dir/home/happycpu/SimplicityStudio/v5_workspace/out_of_box_demo/main.c.obj
LOAD CMakeFiles/out_of_box_demo.dir/home/happycpu/SimplicityStudio/v5_workspace/out_of_box_demo/wifi_app.c.obj
LOAD libslc_out_of_box_demo.a
START GROUP
LOAD /home/happycpu/SimplicityStudio_v5/developer/toolchains/gnu_arm/12.2.rel1_2023.7/bin/../lib/gcc/arm-none-eabi/12.2.1/thumb/v7e-m+fp/softfp/libgcc.a
LOAD /home/happycpu/SimplicityStudio_v5/developer/toolchains/gnu_arm/12.2.rel1_2023.7/bin/../lib/gcc/arm-none-eabi/12.2.1/../../../../arm-none-eabi/lib/thumb/v7e-m+fp/softfp/libnosys.a
LOAD /home/happycpu/SimplicityStudio_v5/developer/toolchains/gnu_arm/12.2.rel1_2023.7/bin/../lib/gcc/arm-none-eabi/12.2.1/../../../../arm-none-eabi/lib/thumb/v7e-m+fp/softfp/libc_nano.a
LOAD /home/happycpu/SimplicityStudio_v5/developer/toolchains/gnu_arm/12.2.rel1_2023.7/bin/../lib/gcc/arm-none-eabi/12.2.1/../../../../arm-none-eabi/lib/thumb/v7e-m+fp/softfp/libm.a
END GROUP
START GROUP
LOAD /home/happycpu/SimplicityStudio_v5/developer/toolchains/gnu_arm/12.2.rel1_2023.7/bin/../lib/gcc/arm-none-eabi/12.2.1/thumb/v7e-m+fp/softfp/libgcc.a
LOAD /home/happycpu/SimplicityStudio_v5/developer/toolchains/gnu_arm/12.2.rel1_2023.7/bin/../lib/gcc/arm-none-eabi/12.2.1/../../../../arm-none-eabi/lib/thumb/v7e-m+fp/softfp/libc_nano.a
END GROUP
START GROUP
LOAD /home/happycpu/SimplicityStudio_v5/developer/toolchains/gnu_arm/12.2.rel1_2023.7/bin/../lib/gcc/arm-none-eabi/12.2.1/thumb/v7e-m+fp/softfp/libgcc.a
LOAD /home/happycpu/SimplicityStudio_v5/developer/toolchains/gnu_arm/12.2.rel1_2023.7/bin/../lib/gcc/arm-none-eabi/12.2.1/../../../../arm-none-eabi/lib/thumb/v7e-m+fp/softfp/libc_nano.a
END GROUP
LOAD /home/happycpu/SimplicityStudio_v5/developer/toolchains/gnu_arm/12.2.rel1_2023.7/bin/../lib/gcc/arm-none-eabi/12.2.1/thumb/v7e-m+fp/softfp/crtend.o
LOAD /home/happycpu/SimplicityStudio_v5/developer/toolchains/gnu_arm/12.2.rel1_2023.7/bin/../lib/gcc/arm-none-eabi/12.2.1/thumb/v7e-m+fp/softfp/crtn.o

.text           0x0000000008202000    0x1d572
 *(.isr_vector)
 .isr_vector    0x0000000008202000      0x16c libslc_out_of_box_demo.a(startup_si91x.c.obj)
                0x0000000008202000                __Vectors
                0x0000000008202180                . = ALIGN (0x20)
 *fill*         0x000000000820216c       0x14 
 *(EXCLUDE_FILE(*tasks.o *UDMA.o) .text*)
 .text.deregister_tm_clones
                0x0000000008202180       0x1c /home/happycpu/SimplicityStudio_v5/developer/toolchains/gnu_arm/12.2.rel1_2023.7/bin/../lib/gcc/arm-none-eabi/12.2.1/thumb/v7e-m+fp/softfp/crtbegin.o
 .text.register_tm_clones
                0x000000000820219c       0x24 /home/happycpu/SimplicityStudio_v5/developer/toolchains/gnu_arm/12.2.rel1_2023.7/bin/../lib/gcc/arm-none-eabi/12.2.1/thumb/v7e-m+fp/softfp/crtbegin.o
 .text.__do_global_dtors_aux
                0x00000000082021c0       0x28 /home/happycpu/SimplicityStudio_v5/developer/toolchains/gnu_arm/12.2.rel1_2023.7/bin/../lib/gcc/arm-none-eabi/12.2.1/thumb/v7e-m+fp/softfp/crtbegin.o
 .text.frame_dummy
                0x00000000082021e8       0x24 /home/happycpu/SimplicityStudio_v5/developer/toolchains/gnu_arm/12.2.rel1_2023.7/bin/../lib/gcc/arm-none-eabi/12.2.1/thumb/v7e-m+fp/softfp/crtbegin.o
 .text.rsi_wlan_ble_app_init
                0x000000000820220c      0x22c CMakeFiles/out_of_box_demo.dir/home/happycpu/SimplicityStudio/v5_workspace/out_of_box_demo/app.c.obj
                0x000000000820220c                rsi_wlan_ble_app_init
 .text.app_init
                0x0000000008202438       0x2c CMakeFiles/out_of_box_demo.dir/home/happycpu/SimplicityStudio/v5_workspace/out_of_box_demo/app.c.obj
                0x0000000008202438                app_init
 .text.sl_platform_init
                0x0000000008202464       0x22 CMakeFiles/out_of_box_demo.dir/home/happycpu/SimplicityStudio/v5_workspace/out_of_box_demo/autogen/sl_event_handler.c.obj
                0x0000000008202464                sl_platform_init
 .text.sl_kernel_start
                0x0000000008202486        0x4 CMakeFiles/out_of_box_demo.dir/home/happycpu/SimplicityStudio/v5_workspace/out_of_box_demo/autogen/sl_event_handler.c.obj
                0x0000000008202486                sl_kernel_start
 .text.sl_driver_init
                0x000000000820248a        0x4 CMakeFiles/out_of_box_demo.dir/home/happycpu/SimplicityStudio/v5_workspace/out_of_box_demo/autogen/sl_event_handler.c.obj
                0x000000000820248a                sl_driver_init
 *fill*         0x000000000820248e        0x2 
 .text.sl_service_init
                0x0000000008202490       0x24 CMakeFiles/out_of_box_demo.dir/home/happycpu/SimplicityStudio/v5_workspace/out_of_box_demo/autogen/sl_event_handler.c.obj
                0x0000000008202490                sl_service_init
 .text.sl_stack_init
                0x00000000082024b4        0x2 CMakeFiles/out_of_box_demo.dir/home/happycpu/SimplicityStudio/v5_workspace/out_of_box_demo/autogen/sl_event_handler.c.obj
                0x00000000082024b4                sl_stack_init
 .text.sl_internal_app_init
                0x00000000082024b6        0x2 CMakeFiles/out_of_box_demo.dir/home/happycpu/SimplicityStudio/v5_workspace/out_of_box_demo/autogen/sl_event_handler.c.obj
                0x00000000082024b6                sl_internal_app_init
 .text.button_init_instances
                0x00000000082024b8        0xc CMakeFiles/out_of_box_demo.dir/home/happycpu/SimplicityStudio/v5_workspace/out_of_box_demo/autogen/sl_si91x_button_instances.c.obj
                0x00000000082024b8                button_init_instances
 .text.sl_si91x_power_manager_wakeup_init
                0x00000000082024c4        0x4 CMakeFiles/out_of_box_demo.dir/home/happycpu/SimplicityStudio/v5_workspace/out_of_box_demo/autogen/sl_si91x_power_manager_wakeup_handler.c.obj
                0x00000000082024c4                sl_si91x_power_manager_wakeup_init
 .text.rsi_ble_app_clear_event
                0x00000000082024c8       0x14 CMakeFiles/out_of_box_demo.dir/home/happycpu/SimplicityStudio/v5_workspace/out_of_box_demo/ble_app.c.obj
 .text.rsi_ble_app_set_event
                0x00000000082024dc       0x1c CMakeFiles/out_of_box_demo.dir/home/happycpu/SimplicityStudio/v5_workspace/out_of_box_demo/ble_app.c.obj
 .text.rsi_ble_on_enhance_conn_status_event
                0x00000000082024f8       0x64 CMakeFiles/out_of_box_demo.dir/home/happycpu/SimplicityStudio/v5_workspace/out_of_box_demo/ble_app.c.obj
                0x00000000082024f8                rsi_ble_on_enhance_conn_status_event
 .text.rsi_ble_on_remote_features_event
                0x000000000820255c       0x20 CMakeFiles/out_of_box_demo.dir/home/happycpu/SimplicityStudio/v5_workspace/out_of_box_demo/ble_app.c.obj
                0x000000000820255c                rsi_ble_on_remote_features_event
 .text.rsi_ble_on_disconnect_event
                0x000000000820257c       0x50 CMakeFiles/out_of_box_demo.dir/home/happycpu/SimplicityStudio/v5_workspace/out_of_box_demo/ble_app.c.obj
 .text.rsi_ble_on_conn_update_complete_event
                0x00000000082025cc       0x2c CMakeFiles/out_of_box_demo.dir/home/happycpu/SimplicityStudio/v5_workspace/out_of_box_demo/ble_app.c.obj
                0x00000000082025cc                rsi_ble_on_conn_update_complete_event
 .text.rsi_ble_data_length_change_event
                0x00000000082025f8       0x20 CMakeFiles/out_of_box_demo.dir/home/happycpu/SimplicityStudio/v5_workspace/out_of_box_demo/ble_app.c.obj
                0x00000000082025f8                rsi_ble_data_length_change_event
 .text.rsi_ble_on_mtu_event
                0x0000000008202618       0x24 CMakeFiles/out_of_box_demo.dir/home/happycpu/SimplicityStudio/v5_workspace/out_of_box_demo/ble_app.c.obj
 .text.rsi_ble_on_connect_event
                0x000000000820263c       0x50 CMakeFiles/out_of_box_demo.dir/home/happycpu/SimplicityStudio/v5_workspace/out_of_box_demo/ble_app.c.obj
 .text.rsi_ble_on_gatt_write_event
                0x000000000820268c      0x118 CMakeFiles/out_of_box_demo.dir/home/happycpu/SimplicityStudio/v5_workspace/out_of_box_demo/ble_app.c.obj
 .text.rsi_ble_add_char_val_att.constprop.0
                0x00000000082027a4       0x8e CMakeFiles/out_of_box_demo.dir/home/happycpu/SimplicityStudio/v5_workspace/out_of_box_demo/ble_app.c.obj
 .text.rsi_ble_add_char_serv_att.constprop.0.isra.0
                0x0000000008202832       0x58 CMakeFiles/out_of_box_demo.dir/home/happycpu/SimplicityStudio/v5_workspace/out_of_box_demo/ble_app.c.obj
 *fill*         0x000000000820288a        0x2 
 .text.rsi_ble_configurator_init
                0x000000000820288c      0x3d4 CMakeFiles/out_of_box_demo.dir/home/happycpu/SimplicityStudio/v5_workspace/out_of_box_demo/ble_app.c.obj
                0x000000000820288c                rsi_ble_configurator_init
 .text.rsi_ble_configurator_task
                0x0000000008202c60      0x488 CMakeFiles/out_of_box_demo.dir/home/happycpu/SimplicityStudio/v5_workspace/out_of_box_demo/ble_app.c.obj
                0x0000000008202c60                rsi_ble_configurator_task
 .text.wifi_app_send_to_ble
                0x00000000082030e8       0x4c CMakeFiles/out_of_box_demo.dir/home/happycpu/SimplicityStudio/v5_workspace/out_of_box_demo/ble_app.c.obj
                0x00000000082030e8                wifi_app_send_to_ble
 .text.startup.main
                0x0000000008203134       0x12 CMakeFiles/out_of_box_demo.dir/home/happycpu/SimplicityStudio/v5_workspace/out_of_box_demo/main.c.obj
                0x0000000008203134                main
 *fill*         0x0000000008203146        0x2 
 .text.wlan_app_scan_callback_handler
                0x0000000008203148      0x10c CMakeFiles/out_of_box_demo.dir/home/happycpu/SimplicityStudio/v5_workspace/out_of_box_demo/wifi_app.c.obj
                0x0000000008203148                wlan_app_scan_callback_handler
 .text.wifi_app_set_event
                0x0000000008203254       0x1c CMakeFiles/out_of_box_demo.dir/home/happycpu/SimplicityStudio/v5_workspace/out_of_box_demo/wifi_app.c.obj
                0x0000000008203254                wifi_app_set_event
 .text.wifi_app_clear_event
                0x0000000008203270       0x18 CMakeFiles/out_of_box_demo.dir/home/happycpu/SimplicityStudio/v5_workspace/out_of_box_demo/wifi_app.c.obj
                0x0000000008203270                wifi_app_clear_event
 .text.wifi_app_get_event
                0x0000000008203288       0x2c CMakeFiles/out_of_box_demo.dir/home/happycpu/SimplicityStudio/v5_workspace/out_of_box_demo/wifi_app.c.obj
                0x0000000008203288                wifi_app_get_event
 .text.network_event_handler
                0x00000000082032b4       0x24 CMakeFiles/out_of_box_demo.dir/home/happycpu/SimplicityStudio/v5_workspace/out_of_box_demo/wifi_app.c.obj
                0x00000000082032b4                network_event_handler
 .text.ping_silabs
                0x00000000082032d8       0xa8 CMakeFiles/out_of_box_demo.dir/home/happycpu/SimplicityStudio/v5_workspace/out_of_box_demo/wifi_app.c.obj
                0x00000000082032d8                ping_silabs
 .text.mqtt_client_cleanup
                0x0000000008203380       0x20 CMakeFiles/out_of_box_demo.dir/home/happycpu/SimplicityStudio/v5_workspace/out_of_box_demo/wifi_app.c.obj
                0x0000000008203380                mqtt_client_cleanup
 .text.print_char_buffer
                0x00000000082033a0       0x24 CMakeFiles/out_of_box_demo.dir/home/happycpu/SimplicityStudio/v5_workspace/out_of_box_demo/wifi_app.c.obj
                0x00000000082033a0                print_char_buffer
 .text.mqtt_client_message_handler
                0x00000000082033c4      0x19c CMakeFiles/out_of_box_demo.dir/home/happycpu/SimplicityStudio/v5_workspace/out_of_box_demo/wifi_app.c.obj
                0x00000000082033c4                mqtt_client_message_handler
 .text.mqtt_client_error_event_handler
                0x0000000008203560       0x18 CMakeFiles/out_of_box_demo.dir/home/happycpu/SimplicityStudio/v5_workspace/out_of_box_demo/wifi_app.c.obj
                0x0000000008203560                mqtt_client_error_event_handler
 .text.mqtt_client_event_handler
                0x0000000008203578      0x220 CMakeFiles/out_of_box_demo.dir/home/happycpu/SimplicityStudio/v5_workspace/out_of_box_demo/wifi_app.c.obj
                0x0000000008203578                mqtt_client_event_handler
 .text.test_mosquitto_org_pub
                0x0000000008203798       0x30 CMakeFiles/out_of_box_demo.dir/home/happycpu/SimplicityStudio/v5_workspace/out_of_box_demo/wifi_app.c.obj
                0x0000000008203798                test_mosquitto_org_pub
 .text.mqtt_example
                0x00000000082037c8      0x128 CMakeFiles/out_of_box_demo.dir/home/happycpu/SimplicityStudio/v5_workspace/out_of_box_demo/wifi_app.c.obj
                0x00000000082037c8                mqtt_example
 .text.memlcd_app_init
                0x00000000082038f0       0x5c CMakeFiles/out_of_box_demo.dir/home/happycpu/SimplicityStudio/v5_workspace/out_of_box_demo/wifi_app.c.obj
                0x00000000082038f0                memlcd_app_init
 .text.lcd_mac  0x000000000820394c       0x74 CMakeFiles/out_of_box_demo.dir/home/happycpu/SimplicityStudio/v5_workspace/out_of_box_demo/wifi_app.c.obj
                0x000000000820394c                lcd_mac
 .text.wifi_app_task
                0x00000000082039c0      0x8d0 CMakeFiles/out_of_box_demo.dir/home/happycpu/SimplicityStudio/v5_workspace/out_of_box_demo/wifi_app.c.obj
                0x00000000082039c0                wifi_app_task
 .text.sensor_event_thread
                0x0000000008204290       0x54 CMakeFiles/out_of_box_demo.dir/home/happycpu/SimplicityStudio/v5_workspace/out_of_box_demo/wifi_app.c.obj
                0x0000000008204290                sensor_event_thread
 .text.sl_si91x_button_isr
                0x00000000082042e4       0x20 CMakeFiles/out_of_box_demo.dir/home/happycpu/SimplicityStudio/v5_workspace/out_of_box_demo/wifi_app.c.obj
                0x00000000082042e4                sl_si91x_button_isr
 .text.RSI_Board_Init
                0x0000000008204304       0x48 libslc_out_of_box_demo.a(rsi_board.c.obj)
                0x0000000008204304                RSI_Board_Init
 .text.print_firmware_version
                0x000000000820434c       0x2c libslc_out_of_box_demo.a(sl_utility.c.obj)
                0x000000000820434c                print_firmware_version
 .text.sl_redirect_log
                0x0000000008204378        0x6 libslc_out_of_box_demo.a(sl_utility.c.obj)
                0x0000000008204378                sl_redirect_log
 .text.Default_Handler
                0x000000000820437e        0x2 libslc_out_of_box_demo.a(startup_si91x.c.obj)
                0x000000000820437e                DebugMon_Handler
                0x000000000820437e                IRQ031_Handler
                0x000000000820437e                HardFault_Handler
                0x000000000820437e                IRQ095_Handler
                0x000000000820437e                IRQ065_Handler
                0x000000000820437e                IRQ093_Handler
                0x000000000820437e                NMI_Handler
                0x000000000820437e                IRQ014_Handler
                0x000000000820437e                IRQ027_Handler
                0x000000000820437e                IRQ062_Handler
                0x000000000820437e                IRQ097_Handler
                0x000000000820437e                IRQ088_Handler
                0x000000000820437e                IRQ034_Handler
                0x000000000820437e                IRQ071_Handler
                0x000000000820437e                IRQ067_Handler
                0x000000000820437e                IRQ070_Handler
                0x000000000820437e                IRQ077_Handler
                0x000000000820437e                IRQ028_Handler
                0x000000000820437e                IRQ063_Handler
                0x000000000820437e                IRQ076_Handler
                0x000000000820437e                UsageFault_Handler
                0x000000000820437e                IRQ023_Handler
                0x000000000820437e                IRQ009_Handler
                0x000000000820437e                IRQ048_Handler
                0x000000000820437e                IRQ083_Handler
                0x000000000820437e                IRQ089_Handler
                0x000000000820437e                HIF1_IRQHandler
                0x000000000820437e                IRQ037_Handler
                0x000000000820437e                IRQ072_Handler
                0x000000000820437e                IRQ008_Handler
                0x000000000820437e                IRQ082_Handler
                0x000000000820437e                IRQ007_Handler
                0x000000000820437e                IRQ046_Handler
                0x000000000820437e                IRQ081_Handler
                0x000000000820437e                IRQ043_Handler
                0x000000000820437e                IRQ041_Handler
                0x000000000820437e                IRQ098_Handler
                0x000000000820437e                IRQ000_Handler
                0x000000000820437e                IRQ049_Handler
                0x000000000820437e                IRQ084_Handler
                0x000000000820437e                IRQ006_Handler
                0x000000000820437e                IRQ045_Handler
                0x000000000820437e                IRQ080_Handler
                0x000000000820437e                IRQ015_Handler
                0x000000000820437e                MemManage_Handler
                0x000000000820437e                HIF2_IRQHandler
                0x000000000820437e                IRQ001_Handler
                0x000000000820437e                IRQ040_Handler
                0x000000000820437e                IRQ068_Handler
                0x000000000820437e                IRQ096_Handler
                0x000000000820437e                IRQ042_Handler
                0x000000000820437e                IRQ024_Handler
                0x000000000820437e                IRQ090_Handler
                0x000000000820437e                IRQ078_Handler
                0x000000000820437e                IRQ032_Handler
                0x000000000820437e                IRQ020_Handler
                0x000000000820437e                IRQ073_Handler
                0x000000000820437e                IRQ092_Handler
                0x000000000820437e                IRQ087_Handler
                0x000000000820437e                IRQ026_Handler
                0x000000000820437e                IRQ061_Handler
                0x000000000820437e                IRQ025_Handler
                0x000000000820437e                IRQ060_Handler
                0x000000000820437e                IRQ085_Handler
                0x000000000820437e                IRQ013_Handler
                0x000000000820437e                IRQ030_Handler
                0x000000000820437e                IRQ029_Handler
                0x000000000820437e                IRQ064_Handler
                0x000000000820437e                IRQ066_Handler
                0x000000000820437e                IRQ017_Handler
                0x000000000820437e                IRQ091_Handler
                0x000000000820437e                BusFault_Handler
                0x000000000820437e                IRQ069_Handler
                0x000000000820437e                IRQ075_Handler
                0x000000000820437e                IRQ086_Handler
                0x000000000820437e                IRQ094_Handler
                0x000000000820437e                IRQ079_Handler
 .text.Default_Reset_Handler
                0x0000000008204380        0x2 libslc_out_of_box_demo.a(startup_si91x.c.obj)
                0x0000000008204380                Reset_Handler
                0x0000000008204380                Default_Reset_Handler
 *fill*         0x0000000008204382        0x2 
 .text.Copy_Table
                0x0000000008204384       0x24 libslc_out_of_box_demo.a(startup_si91x.c.obj)
                0x0000000008204384                Copy_Table
 .text.Zero_Table
                0x00000000082043a8       0x24 libslc_out_of_box_demo.a(startup_si91x.c.obj)
                0x00000000082043a8                Zero_Table
 .text.RSI_Default_Reset_Handler
                0x00000000082043cc       0x16 libslc_out_of_box_demo.a(startup_si91x.c.obj)
                0x00000000082043cc                RSI_Default_Reset_Handler
 *fill*         0x00000000082043e2        0x2 
 .text.SystemCoreClockUpdate
                0x00000000082043e4      0x118 libslc_out_of_box_demo.a(system_si91x.c.obj)
                0x00000000082043e4                SystemCoreClockUpdate
 .text.fpuInit  0x00000000082044fc       0x44 libslc_out_of_box_demo.a(system_si91x.c.obj)
                0x00000000082044fc                fpuInit
 .text.SystemInit
                0x0000000008204540       0xe4 libslc_out_of_box_demo.a(system_si91x.c.obj)
                0x0000000008204540                SystemInit
 .text.ARM_UART_SignalEvent
                0x0000000008204624       0x24 libslc_out_of_box_demo.a(rsi_debug.c.obj)
                0x0000000008204624                ARM_UART_SignalEvent
 .text.Board_Debug_Init
                0x0000000008204648       0x5c libslc_out_of_box_demo.a(rsi_debug.c.obj)
                0x0000000008204648                Board_Debug_Init
 .text.Board_UARTGetChar
                0x00000000082046a4       0x30 libslc_out_of_box_demo.a(rsi_debug.c.obj)
                0x00000000082046a4                Board_UARTGetChar
 .text.Board_UARTPutChar
                0x00000000082046d4       0x30 libslc_out_of_box_demo.a(rsi_debug.c.obj)
                0x00000000082046d4                Board_UARTPutChar
 .text.read_exclude_space
                0x0000000008204704       0x20 libslc_out_of_box_demo.a(syscalls.c.obj)
 .text._getpid  0x0000000008204724        0x4 libslc_out_of_box_demo.a(syscalls.c.obj)
                0x0000000008204724                _getpid
 .text._kill    0x0000000008204728       0x10 libslc_out_of_box_demo.a(syscalls.c.obj)
                0x0000000008204728                _kill
 .text._exit    0x0000000008204738        0xc libslc_out_of_box_demo.a(syscalls.c.obj)
                0x0000000008204738                _exit
 .text._write   0x0000000008204744       0x44 libslc_out_of_box_demo.a(syscalls.c.obj)
                0x0000000008204744                _write
 .text._close   0x0000000008204788        0x6 libslc_out_of_box_demo.a(syscalls.c.obj)
                0x0000000008204788                _close
 .text._fstat   0x000000000820478e        0xa libslc_out_of_box_demo.a(syscalls.c.obj)
                0x000000000820478e                _fstat
 .text._isatty  0x0000000008204798        0x4 libslc_out_of_box_demo.a(syscalls.c.obj)
                0x0000000008204798                _isatty
 .text._lseek   0x000000000820479c        0x4 libslc_out_of_box_demo.a(syscalls.c.obj)
                0x000000000820479c                _lseek
 .text._read    0x00000000082047a0      0x30c libslc_out_of_box_demo.a(syscalls.c.obj)
                0x00000000082047a0                _read
 .text.sl_si91x_device_init_nvic
                0x0000000008204aac       0x18 libslc_out_of_box_demo.a(rsi_nvic_priorities_config.c.obj)
                0x0000000008204aac                sl_si91x_device_init_nvic
 .text.ARM_USARTx_GetVersion
                0x0000000008204ac4       0x20 libslc_out_of_box_demo.a(USART.c.obj)
                0x0000000008204ac4                ARM_USARTx_GetVersion
 .text.ARM_ULP_UART_GetCapabilities
                0x0000000008204ae4        0xc libslc_out_of_box_demo.a(USART.c.obj)
 .text.ARM_ULP_UART_GetModemStatus
                0x0000000008204af0        0xc libslc_out_of_box_demo.a(USART.c.obj)
 .text.ARM_ULP_UART_SetModemControl
                0x0000000008204afc        0xc libslc_out_of_box_demo.a(USART.c.obj)
 .text.ARM_ULP_UART_GetStatus
                0x0000000008204b08        0xc libslc_out_of_box_demo.a(USART.c.obj)
 .text.ARM_ULP_UART_Control
                0x0000000008204b14       0x34 libslc_out_of_box_demo.a(USART.c.obj)
 .text.ARM_ULP_UART_GetRxCount
                0x0000000008204b48        0xc libslc_out_of_box_demo.a(USART.c.obj)
 .text.ARM_ULP_UART_GetTxCount
                0x0000000008204b54        0xc libslc_out_of_box_demo.a(USART.c.obj)
 .text.ARM_ULP_UART_Transfer
                0x0000000008204b60       0x54 libslc_out_of_box_demo.a(USART.c.obj)
 .text.ARM_ULP_UART_Receive
                0x0000000008204bb4       0x48 libslc_out_of_box_demo.a(USART.c.obj)
 .text.ARM_ULP_UART_Send
                0x0000000008204bfc       0x48 libslc_out_of_box_demo.a(USART.c.obj)
 .text.ARM_ULP_UART_PowerControl
                0x0000000008204c44       0x18 libslc_out_of_box_demo.a(USART.c.obj)
 .text.ARM_ULP_UART_Uninitialize
                0x0000000008204c5c       0x1c libslc_out_of_box_demo.a(USART.c.obj)
 .text.ARM_ULP_UART_Initialize
                0x0000000008204c78       0x30 libslc_out_of_box_demo.a(USART.c.obj)
 .text.IRQ038_Handler
                0x0000000008204ca8        0xc libslc_out_of_box_demo.a(USART.c.obj)
                0x0000000008204ca8                IRQ038_Handler
 .text.IRQ039_Handler
                0x0000000008204cb4        0xc libslc_out_of_box_demo.a(USART.c.obj)
                0x0000000008204cb4                IRQ039_Handler
 .text.IRQ012_Handler
                0x0000000008204cc0        0xc libslc_out_of_box_demo.a(USART.c.obj)
                0x0000000008204cc0                IRQ012_Handler
 .text.RSI_ULPUartHandler
                0x0000000008204ccc        0x4 libslc_out_of_box_demo.a(USART.c.obj)
                0x0000000008204ccc                RSI_ULPUartHandler
 .text.sl_si91x_button_init
                0x0000000008204cd0       0xd0 libslc_out_of_box_demo.a(sl_si91x_button.c.obj)
                0x0000000008204cd0                sl_si91x_button_init
 .text.sl_si91x_button_state
                0x0000000008204da0       0x50 libslc_out_of_box_demo.a(sl_si91x_button.c.obj)
                0x0000000008204da0                sl_si91x_button_state
 .text.sl_si91x_button_internal_isr
                0x0000000008204df0       0x44 libslc_out_of_box_demo.a(sl_si91x_button.c.obj)
                0x0000000008204df0                sl_si91x_button_internal_isr
 .text.button_HP_IRQHandler
                0x0000000008204e34       0x10 libslc_out_of_box_demo.a(sl_si91x_button.c.obj)
 .text.button_ULP_IRQHandler
                0x0000000008204e44       0x10 libslc_out_of_box_demo.a(sl_si91x_button.c.obj)
 .text.button_UULP_IRQHandler
                0x0000000008204e54       0x10 libslc_out_of_box_demo.a(sl_si91x_button.c.obj)
 .text.RSI_CLK_GetBaseClock
                0x0000000008204e64      0x50c libslc_out_of_box_demo.a(clock_update.c.obj)
                0x0000000008204e64                RSI_CLK_GetBaseClock
 .text.egpio_set_dir
                0x0000000008205370       0x10 libslc_out_of_box_demo.a(rsi_egpio.c.obj)
                0x0000000008205370                egpio_set_dir
 .text.egpio_set_pin
                0x0000000008205380        0xc libslc_out_of_box_demo.a(rsi_egpio.c.obj)
                0x0000000008205380                egpio_set_pin
 .text.egpio_set_pin_mux
                0x000000000820538c       0x10 libslc_out_of_box_demo.a(rsi_egpio.c.obj)
                0x000000000820538c                egpio_set_pin_mux
 .text.egpio_host_pads_gpio_mode_enable
                0x000000000820539c       0x54 libslc_out_of_box_demo.a(rsi_egpio.c.obj)
                0x000000000820539c                egpio_host_pads_gpio_mode_enable
 .text.egpio_host_pads_gpio_mode_disable
                0x00000000082053f0       0x54 libslc_out_of_box_demo.a(rsi_egpio.c.obj)
                0x00000000082053f0                egpio_host_pads_gpio_mode_disable
 .text.egpio_pad_selection_enable
                0x0000000008205444       0x2c libslc_out_of_box_demo.a(rsi_egpio.c.obj)
                0x0000000008205444                egpio_pad_selection_enable
 .text.egpio_pad_receiver_enable
                0x0000000008205470       0x14 libslc_out_of_box_demo.a(rsi_egpio.c.obj)
                0x0000000008205470                egpio_pad_receiver_enable
 .text.egpio_pad_receiver_disable
                0x0000000008205484       0x14 libslc_out_of_box_demo.a(rsi_egpio.c.obj)
                0x0000000008205484                egpio_pad_receiver_disable
 .text.egpio_pad_driver_disable_state
                0x0000000008205498       0x18 libslc_out_of_box_demo.a(rsi_egpio.c.obj)
                0x0000000008205498                egpio_pad_driver_disable_state
 .text.egpio_ulp_pad_receiver_enable
                0x00000000082054b0       0x14 libslc_out_of_box_demo.a(rsi_egpio.c.obj)
                0x00000000082054b0                egpio_ulp_pad_receiver_enable
 .text.egpio_ulp_pad_receiver_disable
                0x00000000082054c4       0x14 libslc_out_of_box_demo.a(rsi_egpio.c.obj)
                0x00000000082054c4                egpio_ulp_pad_receiver_disable
 .text.egpio_ulp_pad_driver_disable_state
                0x00000000082054d8       0x58 libslc_out_of_box_demo.a(rsi_egpio.c.obj)
                0x00000000082054d8                egpio_ulp_pad_driver_disable_state
 .text.UDMAx_ChannelDisable.isra.0
                0x0000000008205530        0xc libslc_out_of_box_demo.a(rsi_usart.c.obj)
 .text.UartIrqHandler
                0x000000000820553c      0x200 libslc_out_of_box_demo.a(rsi_usart.c.obj)
                0x000000000820553c                UartIrqHandler
 .text.USART_SetBaudrate
                0x000000000820573c       0x50 libslc_out_of_box_demo.a(rsi_usart.c.obj)
                0x000000000820573c                USART_SetBaudrate
 .text.USART_Initialize
                0x000000000820578c      0x120 libslc_out_of_box_demo.a(rsi_usart.c.obj)
                0x000000000820578c                USART_Initialize
 .text.USART_Uninitialize
                0x00000000082058ac       0xa0 libslc_out_of_box_demo.a(rsi_usart.c.obj)
                0x00000000082058ac                USART_Uninitialize
 .text.USART_PowerControl
                0x000000000820594c      0x150 libslc_out_of_box_demo.a(rsi_usart.c.obj)
                0x000000000820594c                USART_PowerControl
 .text.USART_Send_Data
                0x0000000008205a9c      0x15c libslc_out_of_box_demo.a(rsi_usart.c.obj)
                0x0000000008205a9c                USART_Send_Data
 .text.USART_Receive_Data
                0x0000000008205bf8      0x13c libslc_out_of_box_demo.a(rsi_usart.c.obj)
                0x0000000008205bf8                USART_Receive_Data
 .text.USART_Transfer
                0x0000000008205d34       0x72 libslc_out_of_box_demo.a(rsi_usart.c.obj)
                0x0000000008205d34                USART_Transfer
 .text.USART_GetTxCount
                0x0000000008205da6        0x6 libslc_out_of_box_demo.a(rsi_usart.c.obj)
                0x0000000008205da6                USART_GetTxCount
 .text.USART_GetRxCount
                0x0000000008205dac        0x6 libslc_out_of_box_demo.a(rsi_usart.c.obj)
                0x0000000008205dac                USART_GetRxCount
 *fill*         0x0000000008205db2        0x2 
 .text.USART_Control
                0x0000000008205db4      0x8c8 libslc_out_of_box_demo.a(rsi_usart.c.obj)
                0x0000000008205db4                USART_Control
 .text.USART_GetStatus
                0x000000000820667c       0x42 libslc_out_of_box_demo.a(rsi_usart.c.obj)
                0x000000000820667c                USART_GetStatus
 *fill*         0x00000000082066be        0x2 
 .text.USART_SetModemControl
                0x00000000082066c0       0x84 libslc_out_of_box_demo.a(rsi_usart.c.obj)
                0x00000000082066c0                USART_SetModemControl
 .text.USART_GetModemStatus
                0x0000000008206744       0x5c libslc_out_of_box_demo.a(rsi_usart.c.obj)
                0x0000000008206744                USART_GetModemStatus
 .text.convert_rsi_to_sl_error_code
                0x00000000082067a0       0x58 libslc_out_of_box_demo.a(sl_si91x_clock_manager.c.obj)
 .text.RSI_CLK_IntfPLLTurnOn.isra.0
                0x00000000082067f8        0xc libslc_out_of_box_demo.a(sl_si91x_clock_manager.c.obj)
 .text.RSI_CLK_I2sPllTurnOn.isra.0
                0x0000000008206804        0xc libslc_out_of_box_demo.a(sl_si91x_clock_manager.c.obj)
 .text.RSI_CLK_SocPllTurnOn.isra.0
                0x0000000008206810        0xc libslc_out_of_box_demo.a(sl_si91x_clock_manager.c.obj)
 .text.sl_si91x_clock_manager_set_pll_freq
                0x000000000820681c      0x140 libslc_out_of_box_demo.a(sl_si91x_clock_manager.c.obj)
                0x000000000820681c                sl_si91x_clock_manager_set_pll_freq
 .text.sl_si91x_clock_manager_m4_set_core_clk
                0x000000000820695c       0x90 libslc_out_of_box_demo.a(sl_si91x_clock_manager.c.obj)
                0x000000000820695c                sl_si91x_clock_manager_m4_set_core_clk
 .text.sl_si91x_clock_manager_init
                0x00000000082069ec       0x2c libslc_out_of_box_demo.a(sl_si91x_clock_manager.c.obj)
                0x00000000082069ec                sl_si91x_clock_manager_init
 .text.sl_si91x_clock_manager_control_pll
                0x0000000008206a18       0x48 libslc_out_of_box_demo.a(sl_si91x_clock_manager.c.obj)
                0x0000000008206a18                sl_si91x_clock_manager_control_pll
 .text.notify_power_state_transition
                0x0000000008206a60       0x70 libslc_out_of_box_demo.a(sl_si91x_power_manager.c.obj)
 .text.sl_si91x_power_manager_init
                0x0000000008206ad0       0x38 libslc_out_of_box_demo.a(sl_si91x_power_manager.c.obj)
                0x0000000008206ad0                sl_si91x_power_manager_init
 .text.sl_si91x_power_manager_remove_peripheral_requirement
                0x0000000008206b08       0x1c libslc_out_of_box_demo.a(sl_si91x_power_manager.c.obj)
                0x0000000008206b08                sl_si91x_power_manager_remove_peripheral_requirement
 .text.sl_si91x_power_manager_configure_ram_retention
                0x0000000008206b24       0x18 libslc_out_of_box_demo.a(sl_si91x_power_manager.c.obj)
                0x0000000008206b24                sl_si91x_power_manager_configure_ram_retention
 .text.sl_si91x_power_manager_get_clock_scaling
                0x0000000008206b3c        0xc libslc_out_of_box_demo.a(sl_si91x_power_manager.c.obj)
                0x0000000008206b3c                sl_si91x_power_manager_get_clock_scaling
 .text.sl_si91x_power_manager_get_current_state
                0x0000000008206b48        0xc libslc_out_of_box_demo.a(sl_si91x_power_manager.c.obj)
                0x0000000008206b48                sl_si91x_power_manager_get_current_state
 .text.sl_si91x_get_lowest_ps
                0x0000000008206b54       0x2c libslc_out_of_box_demo.a(sl_si91x_power_manager.c.obj)
                0x0000000008206b54                sl_si91x_get_lowest_ps
 .text.sli_si91x_power_manager_update_ps_requirement
                0x0000000008206b80       0xb4 libslc_out_of_box_demo.a(sl_si91x_power_manager.c.obj)
                0x0000000008206b80                sli_si91x_power_manager_update_ps_requirement
 .text.ps4_to_ps3_state_change
                0x0000000008206c34       0x12 libslc_out_of_box_demo.a(sli_si91x_power_manager.c.obj)
 .text.ps3_to_ps4_state_change
                0x0000000008206c46       0x12 libslc_out_of_box_demo.a(sli_si91x_power_manager.c.obj)
 .text.initialize_flash
                0x0000000008206c58       0x74 libslc_out_of_box_demo.a(sli_si91x_power_manager.c.obj)
 .text.trigger_sleep
                0x0000000008206ccc      0x138 libslc_out_of_box_demo.a(sli_si91x_power_manager.c.obj)
 .text.ps2_to_ps1_state_change
                0x0000000008206e04       0x40 libslc_out_of_box_demo.a(sli_si91x_power_manager.c.obj)
 .text.ps_power_state_change_ps2_to_Ps4.constprop.0.isra.0
                0x0000000008206e44       0xa8 libslc_out_of_box_demo.a(sli_si91x_power_manager.c.obj)
 .text.ps2_to_ps4_state_change
                0x0000000008206eec       0x30 libslc_out_of_box_demo.a(sli_si91x_power_manager.c.obj)
 .text.ps2_to_ps3_state_change
                0x0000000008206f1c       0x30 libslc_out_of_box_demo.a(sli_si91x_power_manager.c.obj)
 .text.sli_si91x_power_manager_change_power_state
                0x0000000008206f4c       0x38 libslc_out_of_box_demo.a(sli_si91x_power_manager.c.obj)
                0x0000000008206f4c                sli_si91x_power_manager_change_power_state
 .text.sli_power_manager_update_peripheral
                0x0000000008206f84       0xb0 libslc_out_of_box_demo.a(sli_si91x_power_manager.c.obj)
                0x0000000008206f84                sli_power_manager_update_peripheral
 .text.sli_si91x_power_manager_set_ram_retention_configuration
                0x0000000008207034       0xf4 libslc_out_of_box_demo.a(sli_si91x_power_manager.c.obj)
                0x0000000008207034                sli_si91x_power_manager_set_ram_retention_configuration
 .text.sli_si91x_power_manager_low_power_hw_config
                0x0000000008207128       0x90 libslc_out_of_box_demo.a(sli_si91x_power_manager.c.obj)
                0x0000000008207128                sli_si91x_power_manager_low_power_hw_config
 .text.ps4_to_ps2_state_change
                0x00000000082071b8      0x104 libslc_out_of_box_demo.a(sli_si91x_power_manager.c.obj)
 .text.ps3_to_ps2_state_change
                0x00000000082072bc        0x4 libslc_out_of_box_demo.a(sli_si91x_power_manager.c.obj)
 .text.ps4_to_ps0_state_change
                0x00000000082072c0       0x48 libslc_out_of_box_demo.a(sli_si91x_power_manager.c.obj)
 .text.ps3_to_ps0_state_change
                0x0000000008207308        0x4 libslc_out_of_box_demo.a(sli_si91x_power_manager.c.obj)
 .text.sli_si91x_power_manager_init_hardware
                0x000000000820730c       0x3c libslc_out_of_box_demo.a(sli_si91x_power_manager.c.obj)
                0x000000000820730c                sli_si91x_power_manager_init_hardware
 .text.RSI_IPMU_UpdateIpmuCalibData_efuse
                0x0000000008207348      0x300 libslc_out_of_box_demo.a(rsi_ipmu.c.obj)
                0x0000000008207348                RSI_IPMU_UpdateIpmuCalibData_efuse
 .text.RSI_Ipmu_Init
                0x0000000008207648        0x4 libslc_out_of_box_demo.a(rsi_ipmu.c.obj)
                0x0000000008207648                RSI_Ipmu_Init
 .text.RSI_Configure_Ipmu_Mode
                0x000000000820764c       0x74 libslc_out_of_box_demo.a(rsi_ipmu.c.obj)
                0x000000000820764c                RSI_Configure_Ipmu_Mode
 .text.RSI_IPMU_PowerGateSet
                0x00000000082076c0       0x34 libslc_out_of_box_demo.a(rsi_ipmu.c.obj)
                0x00000000082076c0                RSI_IPMU_PowerGateSet
 .text.RSI_IPMU_PowerGateClr
                0x00000000082076f4       0x4c libslc_out_of_box_demo.a(rsi_ipmu.c.obj)
                0x00000000082076f4                RSI_IPMU_PowerGateClr
 .text.RSI_IPMU_ClockMuxSel
                0x0000000008207740       0x40 libslc_out_of_box_demo.a(rsi_ipmu.c.obj)
                0x0000000008207740                RSI_IPMU_ClockMuxSel
 .text.RSI_IPMU_ProgramConfigData
                0x0000000008207780       0xea libslc_out_of_box_demo.a(rsi_ipmu.c.obj)
                0x0000000008207780                RSI_IPMU_ProgramConfigData
 .text.RSI_APB_ProgramConfigData
                0x000000000820786a       0xc8 libslc_out_of_box_demo.a(rsi_ipmu.c.obj)
                0x000000000820786a                RSI_APB_ProgramConfigData
 *fill*         0x0000000008207932        0x2 
 .text.RSI_IPMU_PocbiasCurrent
                0x0000000008207934        0xc libslc_out_of_box_demo.a(rsi_ipmu.c.obj)
                0x0000000008207934                RSI_IPMU_PocbiasCurrent
 .text.RSI_IPMU_RO32khzTrim00Efuse
                0x0000000008207940        0xc libslc_out_of_box_demo.a(rsi_ipmu.c.obj)
                0x0000000008207940                RSI_IPMU_RO32khzTrim00Efuse
 .text.RSI_IPMU_RetnLdoVoltsel
                0x000000000820794c        0xc libslc_out_of_box_demo.a(rsi_ipmu.c.obj)
                0x000000000820794c                RSI_IPMU_RetnLdoVoltsel
 .text.RSI_IPMU_RetnLdo0p75
                0x0000000008207958        0xc libslc_out_of_box_demo.a(rsi_ipmu.c.obj)
                0x0000000008207958                RSI_IPMU_RetnLdo0p75
 .text.RSI_IPMU_RetnLdoLpmode
                0x0000000008207964       0x1c libslc_out_of_box_demo.a(rsi_ipmu.c.obj)
                0x0000000008207964                RSI_IPMU_RetnLdoLpmode
 .text.RSI_IPMU_Retn_Voltage_To_Default
                0x0000000008207980       0x10 libslc_out_of_box_demo.a(rsi_ipmu.c.obj)
                0x0000000008207980                RSI_IPMU_Retn_Voltage_To_Default
 .text.RSI_IPMU_Set_Higher_Pwm_Ro_Frequency_Mode_to_PMU
                0x0000000008207990       0x14 libslc_out_of_box_demo.a(rsi_ipmu.c.obj)
                0x0000000008207990                RSI_IPMU_Set_Higher_Pwm_Ro_Frequency_Mode_to_PMU
 .text.RSI_IPMU_RetnLdoHpmode
                0x00000000082079a4       0x1c libslc_out_of_box_demo.a(rsi_ipmu.c.obj)
                0x00000000082079a4                RSI_IPMU_RetnLdoHpmode
 .text.RSI_IPMU_M32rc_OscTrimEfuse
                0x00000000082079c0       0x28 libslc_out_of_box_demo.a(rsi_ipmu.c.obj)
                0x00000000082079c0                RSI_IPMU_M32rc_OscTrimEfuse
 .text.RSI_IPMU_M20rcOsc_TrimEfuse
                0x00000000082079e8       0x30 libslc_out_of_box_demo.a(rsi_ipmu.c.obj)
                0x00000000082079e8                RSI_IPMU_M20rcOsc_TrimEfuse
 .text.RSI_IPMU_DBLR32M_TrimEfuse
                0x0000000008207a18       0x18 libslc_out_of_box_demo.a(rsi_ipmu.c.obj)
                0x0000000008207a18                RSI_IPMU_DBLR32M_TrimEfuse
 .text.RSI_IPMU_M20roOsc_TrimEfuse
                0x0000000008207a30       0x28 libslc_out_of_box_demo.a(rsi_ipmu.c.obj)
                0x0000000008207a30                RSI_IPMU_M20roOsc_TrimEfuse
 .text.RSI_IPMU_RO32khz_TrimEfuse
                0x0000000008207a58       0x18 libslc_out_of_box_demo.a(rsi_ipmu.c.obj)
                0x0000000008207a58                RSI_IPMU_RO32khz_TrimEfuse
 .text.RSI_IPMU_RC32khz_TrimEfuse
                0x0000000008207a70       0x18 libslc_out_of_box_demo.a(rsi_ipmu.c.obj)
                0x0000000008207a70                RSI_IPMU_RC32khz_TrimEfuse
 .text.RSI_IPMU_RO_TsEfuse
                0x0000000008207a88        0xc libslc_out_of_box_demo.a(rsi_ipmu.c.obj)
                0x0000000008207a88                RSI_IPMU_RO_TsEfuse
 .text.RSI_IPMU_RO_TsConfig
                0x0000000008207a94        0xc libslc_out_of_box_demo.a(rsi_ipmu.c.obj)
                0x0000000008207a94                RSI_IPMU_RO_TsConfig
 .text.RSI_IPMU_Vbg_Tsbjt_Efuse
                0x0000000008207aa0        0xc libslc_out_of_box_demo.a(rsi_ipmu.c.obj)
                0x0000000008207aa0                RSI_IPMU_Vbg_Tsbjt_Efuse
 .text.RSI_IPMU_Auxadcoff_DiffEfuse
                0x0000000008207aac        0xc libslc_out_of_box_demo.a(rsi_ipmu.c.obj)
                0x0000000008207aac                RSI_IPMU_Auxadcoff_DiffEfuse
 .text.RSI_IPMU_Auxadcgain_DiffEfuse
                0x0000000008207ab8        0xc libslc_out_of_box_demo.a(rsi_ipmu.c.obj)
                0x0000000008207ab8                RSI_IPMU_Auxadcgain_DiffEfuse
 .text.RSI_IPMU_Auxadcoff_SeEfuse
                0x0000000008207ac4        0xc libslc_out_of_box_demo.a(rsi_ipmu.c.obj)
                0x0000000008207ac4                RSI_IPMU_Auxadcoff_SeEfuse
 .text.RSI_IPMU_Auxadcgain_SeEfuse
                0x0000000008207ad0        0xc libslc_out_of_box_demo.a(rsi_ipmu.c.obj)
                0x0000000008207ad0                RSI_IPMU_Auxadcgain_SeEfuse
 .text.RSI_IPMU_Delvbe_Tsbjt_Efuse
                0x0000000008207adc        0xc libslc_out_of_box_demo.a(rsi_ipmu.c.obj)
                0x0000000008207adc                RSI_IPMU_Delvbe_Tsbjt_Efuse
 .text._usdelay
                0x0000000008207ae8        0x6 libslc_out_of_box_demo.a(rsi_pll.c.obj)
 *fill*         0x0000000008207aee        0x2 
 .text.clk_m4_soc_clk_config
                0x0000000008207af0       0xc8 libslc_out_of_box_demo.a(rsi_pll.c.obj)
                0x0000000008207af0                clk_m4_soc_clk_config
 .text.ulpss_enable_ref_clks
                0x0000000008207bb8       0xf8 libslc_out_of_box_demo.a(rsi_pll.c.obj)
                0x0000000008207bb8                ulpss_enable_ref_clks
 .text.clk_m4ss_ref_clk_config
                0x0000000008207cb0       0xcc libslc_out_of_box_demo.a(rsi_pll.c.obj)
                0x0000000008207cb0                clk_m4ss_ref_clk_config
 .text.RSI_TIMEPERIOD_TimerClkSel
                0x0000000008207d7c       0x40 libslc_out_of_box_demo.a(rsi_time_period.c.obj)
                0x0000000008207d7c                RSI_TIMEPERIOD_TimerClkSel
 .text.ulpss_ref_clk_config
                0x0000000008207dbc       0xbc libslc_out_of_box_demo.a(rsi_ulpss_clk.c.obj)
                0x0000000008207dbc                ulpss_ref_clk_config
 .text.callback_event
                0x0000000008207e78       0x10 libslc_out_of_box_demo.a(sl_si91x_bjt_temperature_sensor.c.obj)
 .text.sl_si91x_bjt_temperature_sensor_init
                0x0000000008207e88       0xb0 libslc_out_of_box_demo.a(sl_si91x_bjt_temperature_sensor.c.obj)
                0x0000000008207e88                sl_si91x_bjt_temperature_sensor_init
 .text.sl_si91x_bjt_temperature_sensor_bg_set_channel_configuration
                0x0000000008207f38       0x60 libslc_out_of_box_demo.a(sl_si91x_bjt_temperature_sensor.c.obj)
                0x0000000008207f38                sl_si91x_bjt_temperature_sensor_bg_set_channel_configuration
 .text.sl_si91x_bjt_temperature_sensor_state
                0x0000000008207f98       0x24 libslc_out_of_box_demo.a(sl_si91x_bjt_temperature_sensor.c.obj)
                0x0000000008207f98                sl_si91x_bjt_temperature_sensor_state
 .text.sl_si91x_bjt_temperature_sensor_set_channel_configuration
                0x0000000008207fbc       0x48 libslc_out_of_box_demo.a(sl_si91x_bjt_temperature_sensor.c.obj)
                0x0000000008207fbc                sl_si91x_bjt_temperature_sensor_set_channel_configuration
 .text.sl_si91x_bjt_temperature_sensor_read_data
                0x0000000008208004      0x160 libslc_out_of_box_demo.a(sl_si91x_bjt_temperature_sensor.c.obj)
                0x0000000008208004                sl_si91x_bjt_temperature_sensor_read_data
 .text.sl_si91x_bjt_temperature_sensor_deinit
                0x0000000008208164       0x5c libslc_out_of_box_demo.a(sl_si91x_bjt_temperature_sensor.c.obj)
                0x0000000008208164                sl_si91x_bjt_temperature_sensor_deinit
 .text.sl_gpio_clear_interrupts
                0x00000000082081c0       0x14 libslc_out_of_box_demo.a(sl_si91x_driver_gpio.c.obj)
 .text.sl_gpio_validation
                0x00000000082081d4       0x36 libslc_out_of_box_demo.a(sl_si91x_driver_gpio.c.obj)
 *fill*         0x000000000820820a        0x2 
 .text.sl_gpio_driver_configure_interrupt
                0x000000000820820c       0xf8 libslc_out_of_box_demo.a(sl_si91x_driver_gpio.c.obj)
                0x000000000820820c                sl_gpio_driver_configure_interrupt
 .text.sl_gpio_driver_set_pin_mode
                0x0000000008208304       0x32 libslc_out_of_box_demo.a(sl_si91x_driver_gpio.c.obj)
                0x0000000008208304                sl_gpio_driver_set_pin_mode
 .text.sl_si91x_gpio_driver_enable_pad_receiver
                0x0000000008208336       0x12 libslc_out_of_box_demo.a(sl_si91x_driver_gpio.c.obj)
                0x0000000008208336                sl_si91x_gpio_driver_enable_pad_receiver
 .text.sl_si91x_gpio_driver_enable_pad_selection
                0x0000000008208348       0x12 libslc_out_of_box_demo.a(sl_si91x_driver_gpio.c.obj)
                0x0000000008208348                sl_si91x_gpio_driver_enable_pad_selection
 .text.sl_si91x_gpio_driver_enable_host_pad_selection
                0x000000000820835a       0x16 libslc_out_of_box_demo.a(sl_si91x_driver_gpio.c.obj)
                0x000000000820835a                sl_si91x_gpio_driver_enable_host_pad_selection
 .text.sl_si91x_gpio_driver_clear_group_interrupt
                0x0000000008208370       0x12 libslc_out_of_box_demo.a(sl_si91x_driver_gpio.c.obj)
                0x0000000008208370                sl_si91x_gpio_driver_clear_group_interrupt
 .text.sl_si91x_gpio_driver_enable_ulp_pad_receiver
                0x0000000008208382       0x12 libslc_out_of_box_demo.a(sl_si91x_driver_gpio.c.obj)
                0x0000000008208382                sl_si91x_gpio_driver_enable_ulp_pad_receiver
 .text.sl_si91x_gpio_driver_set_uulp_npss_pin_mux
                0x0000000008208394       0x16 libslc_out_of_box_demo.a(sl_si91x_driver_gpio.c.obj)
                0x0000000008208394                sl_si91x_gpio_driver_set_uulp_npss_pin_mux
 .text.sl_si91x_gpio_driver_select_uulp_npss_receiver
                0x00000000082083aa       0x16 libslc_out_of_box_demo.a(sl_si91x_driver_gpio.c.obj)
                0x00000000082083aa                sl_si91x_gpio_driver_select_uulp_npss_receiver
 .text.sl_gpio_set_configuration
                0x00000000082083c0       0xdc libslc_out_of_box_demo.a(sl_si91x_driver_gpio.c.obj)
                0x00000000082083c0                sl_gpio_set_configuration
 .text.sl_si91x_gpio_driver_clear_uulp_interrupt
                0x000000000820849c       0x12 libslc_out_of_box_demo.a(sl_si91x_driver_gpio.c.obj)
                0x000000000820849c                sl_si91x_gpio_driver_clear_uulp_interrupt
 *fill*         0x00000000082084ae        0x2 
 .text.sl_si91x_gpio_driver_configure_uulp_interrupt
                0x00000000082084b0       0x30 libslc_out_of_box_demo.a(sl_si91x_driver_gpio.c.obj)
                0x00000000082084b0                sl_si91x_gpio_driver_configure_uulp_interrupt
 .text.sl_si91x_gpio_driver_clear_ulp_interrupt
                0x00000000082084e0       0x12 libslc_out_of_box_demo.a(sl_si91x_driver_gpio.c.obj)
                0x00000000082084e0                sl_si91x_gpio_driver_clear_ulp_interrupt
 .text.sl_si91x_gpio_driver_clear_ulp_group_interrupt
                0x00000000082084f2       0x12 libslc_out_of_box_demo.a(sl_si91x_driver_gpio.c.obj)
                0x00000000082084f2                sl_si91x_gpio_driver_clear_ulp_group_interrupt
 .text.sl_gpio_driver_init
                0x0000000008208504       0x94 libslc_out_of_box_demo.a(sl_si91x_driver_gpio.c.obj)
                0x0000000008208504                sl_gpio_driver_init
 .text.IRQ052_Handler
                0x0000000008208598       0x18 libslc_out_of_box_demo.a(sl_si91x_driver_gpio.c.obj)
                0x0000000008208598                IRQ052_Handler
 .text.IRQ053_Handler
                0x00000000082085b0       0x18 libslc_out_of_box_demo.a(sl_si91x_driver_gpio.c.obj)
                0x00000000082085b0                IRQ053_Handler
 .text.IRQ054_Handler
                0x00000000082085c8       0x18 libslc_out_of_box_demo.a(sl_si91x_driver_gpio.c.obj)
                0x00000000082085c8                IRQ054_Handler
 .text.IRQ055_Handler
                0x00000000082085e0       0x18 libslc_out_of_box_demo.a(sl_si91x_driver_gpio.c.obj)
                0x00000000082085e0                IRQ055_Handler
 .text.IRQ056_Handler
                0x00000000082085f8       0x18 libslc_out_of_box_demo.a(sl_si91x_driver_gpio.c.obj)
                0x00000000082085f8                IRQ056_Handler
 .text.IRQ057_Handler
                0x0000000008208610       0x18 libslc_out_of_box_demo.a(sl_si91x_driver_gpio.c.obj)
                0x0000000008208610                IRQ057_Handler
 .text.IRQ058_Handler
                0x0000000008208628       0x18 libslc_out_of_box_demo.a(sl_si91x_driver_gpio.c.obj)
                0x0000000008208628                IRQ058_Handler
 .text.IRQ059_Handler
                0x0000000008208640       0x18 libslc_out_of_box_demo.a(sl_si91x_driver_gpio.c.obj)
                0x0000000008208640                IRQ059_Handler
 .text.IRQ050_Handler
                0x0000000008208658       0x18 libslc_out_of_box_demo.a(sl_si91x_driver_gpio.c.obj)
                0x0000000008208658                IRQ050_Handler
 .text.IRQ051_Handler
                0x0000000008208670       0x18 libslc_out_of_box_demo.a(sl_si91x_driver_gpio.c.obj)
                0x0000000008208670                IRQ051_Handler
 .text.IRQ021_Handler
                0x0000000008208688       0x68 libslc_out_of_box_demo.a(sl_si91x_driver_gpio.c.obj)
                0x0000000008208688                IRQ021_Handler
 .text.IRQ018_Handler
                0x00000000082086f0       0xa4 libslc_out_of_box_demo.a(sl_si91x_driver_gpio.c.obj)
                0x00000000082086f0                IRQ018_Handler
 .text.IRQ019_Handler
                0x0000000008208794       0x3c libslc_out_of_box_demo.a(sl_si91x_driver_gpio.c.obj)
                0x0000000008208794                IRQ019_Handler
 .text.sl_si91x_gpio_enable_pad_selection
                0x00000000082087d0       0x2c libslc_out_of_box_demo.a(sl_si91x_peripheral_gpio.c.obj)
                0x00000000082087d0                sl_si91x_gpio_enable_pad_selection
 .text.sl_si91x_gpio_enable_host_pad_selection
                0x00000000082087fc       0x1c libslc_out_of_box_demo.a(sl_si91x_peripheral_gpio.c.obj)
                0x00000000082087fc                sl_si91x_gpio_enable_host_pad_selection
 .text.sl_si91x_gpio_clear_group_interrupt
                0x0000000008208818       0x14 libslc_out_of_box_demo.a(sl_si91x_peripheral_gpio.c.obj)
                0x0000000008208818                sl_si91x_gpio_clear_group_interrupt
 .text.sl_si91x_gpio_clear_uulp_interrupt
                0x000000000820882c        0xc libslc_out_of_box_demo.a(sl_si91x_peripheral_gpio.c.obj)
                0x000000000820882c                sl_si91x_gpio_clear_uulp_interrupt
 .text.sl_si91x_gpio_get_uulp_interrupt_status
                0x0000000008208838       0x10 libslc_out_of_box_demo.a(sl_si91x_peripheral_gpio.c.obj)
                0x0000000008208838                sl_si91x_gpio_get_uulp_interrupt_status
 .text.sl_si91x_gpio_get_ulp_interrupt_status
                0x0000000008208848       0x10 libslc_out_of_box_demo.a(sl_si91x_peripheral_gpio.c.obj)
                0x0000000008208848                sl_si91x_gpio_get_ulp_interrupt_status
 .text.sl_si91x_gpio_clear_ulp_interrupt
                0x0000000008208858       0x14 libslc_out_of_box_demo.a(sl_si91x_peripheral_gpio.c.obj)
                0x0000000008208858                sl_si91x_gpio_clear_ulp_interrupt
 .text.sl_si91x_gpio_clear_ulp_group_interrupt
                0x000000000820886c       0x14 libslc_out_of_box_demo.a(sl_si91x_peripheral_gpio.c.obj)
                0x000000000820886c                sl_si91x_gpio_clear_ulp_group_interrupt
 .text.sl_assert_failed
                0x0000000008208880       0x10 libslc_out_of_box_demo.a(sl_si91x_peripheral_gpio.c.obj)
                0x0000000008208880                sl_assert_failed
 .text.sl_gpio_configure_interrupt
                0x0000000008208890      0x128 libslc_out_of_box_demo.a(sl_si91x_peripheral_gpio.c.obj)
                0x0000000008208890                sl_gpio_configure_interrupt
 .text.sl_gpio_set_pin_output
                0x00000000082089b8       0x94 libslc_out_of_box_demo.a(sl_si91x_peripheral_gpio.c.obj)
 .text.sl_gpio_clear_pin_output
                0x0000000008208a4c       0x94 libslc_out_of_box_demo.a(sl_si91x_peripheral_gpio.c.obj)
 .text.sl_gpio_set_pin_mode
                0x0000000008208ae0      0x100 libslc_out_of_box_demo.a(sl_si91x_peripheral_gpio.c.obj)
                0x0000000008208ae0                sl_gpio_set_pin_mode
 .text.sl_si91x_gpio_set_pin_direction
                0x0000000008208be0       0xc8 libslc_out_of_box_demo.a(sl_si91x_peripheral_gpio.c.obj)
                0x0000000008208be0                sl_si91x_gpio_set_pin_direction
 .text.sl_si91x_gpio_enable_pad_receiver
                0x0000000008208ca8       0x2c libslc_out_of_box_demo.a(sl_si91x_peripheral_gpio.c.obj)
                0x0000000008208ca8                sl_si91x_gpio_enable_pad_receiver
 .text.sl_si91x_gpio_enable_clock
                0x0000000008208cd4       0x48 libslc_out_of_box_demo.a(sl_si91x_peripheral_gpio.c.obj)
                0x0000000008208cd4                sl_si91x_gpio_enable_clock
 .text.sl_si91x_gpio_configure_ulp_pin_interrupt
                0x0000000008208d1c       0xc4 libslc_out_of_box_demo.a(sl_si91x_peripheral_gpio.c.obj)
                0x0000000008208d1c                sl_si91x_gpio_configure_ulp_pin_interrupt
 .text.sl_si91x_gpio_get_group_interrupt_status
                0x0000000008208de0       0x58 libslc_out_of_box_demo.a(sl_si91x_peripheral_gpio.c.obj)
                0x0000000008208de0                sl_si91x_gpio_get_group_interrupt_status
 .text.sl_si91x_gpio_enable_ulp_pad_receiver
                0x0000000008208e38       0x28 libslc_out_of_box_demo.a(sl_si91x_peripheral_gpio.c.obj)
                0x0000000008208e38                sl_si91x_gpio_enable_ulp_pad_receiver
 .text.sl_si91x_gpio_set_uulp_npss_pin_mux
                0x0000000008208e60       0x38 libslc_out_of_box_demo.a(sl_si91x_peripheral_gpio.c.obj)
                0x0000000008208e60                sl_si91x_gpio_set_uulp_npss_pin_mux
 .text.sl_si91x_gpio_select_uulp_npss_receiver
                0x0000000008208e98       0x38 libslc_out_of_box_demo.a(sl_si91x_peripheral_gpio.c.obj)
                0x0000000008208e98                sl_si91x_gpio_select_uulp_npss_receiver
 .text.sl_si91x_gpio_set_uulp_npss_direction
                0x0000000008208ed0       0x38 libslc_out_of_box_demo.a(sl_si91x_peripheral_gpio.c.obj)
                0x0000000008208ed0                sl_si91x_gpio_set_uulp_npss_direction
 .text.sl_si91x_gpio_set_uulp_npss_pin_value
                0x0000000008208f08       0x38 libslc_out_of_box_demo.a(sl_si91x_peripheral_gpio.c.obj)
                0x0000000008208f08                sl_si91x_gpio_set_uulp_npss_pin_value
 .text.sl_si91x_gpio_get_uulp_npss_pin
                0x0000000008208f40       0x28 libslc_out_of_box_demo.a(sl_si91x_peripheral_gpio.c.obj)
                0x0000000008208f40                sl_si91x_gpio_get_uulp_npss_pin
 .text.sl_si91x_gpio_unmask_uulp_npss_interrupt
                0x0000000008208f68       0x24 libslc_out_of_box_demo.a(sl_si91x_peripheral_gpio.c.obj)
                0x0000000008208f68                sl_si91x_gpio_unmask_uulp_npss_interrupt
 .text.sl_si91x_gpio_configure_uulp_interrupt
                0x0000000008208f8c       0x94 libslc_out_of_box_demo.a(sl_si91x_peripheral_gpio.c.obj)
                0x0000000008208f8c                sl_si91x_gpio_configure_uulp_interrupt
 .text.sli_si91x_raise_pkt_pending_interrupt_to_ta
                0x0000000008209020       0x20 libslc_out_of_box_demo.a(rsi_hal_mcu_m4_rom.c.obj)
                0x0000000008209020                sli_si91x_raise_pkt_pending_interrupt_to_ta
 .text.raise_m4_to_ta_interrupt
                0x0000000008209040        0xc libslc_out_of_box_demo.a(rsi_hal_mcu_m4_rom.c.obj)
                0x0000000008209040                raise_m4_to_ta_interrupt
 .text.mask_ta_interrupt
                0x000000000820904c        0xc libslc_out_of_box_demo.a(rsi_hal_mcu_m4_rom.c.obj)
                0x000000000820904c                mask_ta_interrupt
 .text.sli_receive_from_ta_done_isr
                0x0000000008209058       0x24 libslc_out_of_box_demo.a(rsi_hal_mcu_m4_rom.c.obj)
                0x0000000008209058                sli_receive_from_ta_done_isr
 .text.sli_m4_interrupt_isr
                0x000000000820907c       0xc4 libslc_out_of_box_demo.a(rsi_hal_mcu_m4_rom.c.obj)
                0x000000000820907c                sli_m4_interrupt_isr
 .text.sl_si91x_bus_read_interrupt_status
                0x0000000008209140       0x10 libslc_out_of_box_demo.a(rsi_hal_mcu_m4_rom.c.obj)
                0x0000000008209140                sl_si91x_bus_read_interrupt_status
 .text.si91x_req_wakeup
                0x0000000008209150       0x20 libslc_out_of_box_demo.a(rsi_hal_mcu_m4_rom.c.obj)
                0x0000000008209150                si91x_req_wakeup
 .text.sl_si91x_host_clear_sleep_indicator
                0x0000000008209170       0x14 libslc_out_of_box_demo.a(rsi_hal_mcu_m4_rom.c.obj)
                0x0000000008209170                sl_si91x_host_clear_sleep_indicator
 .text.sli_si91x_raise_xtal_interrupt_to_ta
                0x0000000008209184       0x38 libslc_out_of_box_demo.a(rsi_hal_mcu_m4_rom.c.obj)
                0x0000000008209184                sli_si91x_raise_xtal_interrupt_to_ta
 .text.sli_si91x_xtal_turn_on_request_from_m4_to_TA
                0x00000000082091bc       0x58 libslc_out_of_box_demo.a(rsi_hal_mcu_m4_rom.c.obj)
                0x00000000082091bc                sli_si91x_xtal_turn_on_request_from_m4_to_TA
 .text.sli_si91x_send_m4_xtal_usage_notification_to_ta
                0x0000000008209214       0x24 libslc_out_of_box_demo.a(rsi_hal_mcu_m4_rom.c.obj)
                0x0000000008209214                sli_si91x_send_m4_xtal_usage_notification_to_ta
 .text.IRQ074_Handler
                0x0000000008209238        0x4 libslc_out_of_box_demo.a(rsi_hal_mcu_m4_rom.c.obj)
                0x0000000008209238                IRQ074_Handler
 .text.sl_si91x_ta_events_init
                0x000000000820923c       0x14 libslc_out_of_box_demo.a(rsi_hal_mcu_m4_rom.c.obj)
                0x000000000820923c                sl_si91x_ta_events_init
 .text.sli_si91x_platform_init
                0x0000000008209250       0x40 libslc_out_of_box_demo.a(sl_platform.c.obj)
                0x0000000008209250                sli_si91x_platform_init
 .text.si91x_bootup_firmware
                0x0000000008209290       0x94 libslc_out_of_box_demo.a(sl_platform.c.obj)
                0x0000000008209290                si91x_bootup_firmware
 .text.sl_si91x_bus_init
                0x0000000008209324       0x1c libslc_out_of_box_demo.a(sl_si91x_bus.c.obj)
                0x0000000008209324                sl_si91x_bus_init
 .text.sli_si91x_submit_rx_pkt
                0x0000000008209340       0x84 libslc_out_of_box_demo.a(sl_si91x_bus.c.obj)
                0x0000000008209340                sli_si91x_submit_rx_pkt
 .text.sl_si91x_bus_read_frame
                0x00000000082093c4        0xc libslc_out_of_box_demo.a(sl_si91x_bus.c.obj)
                0x00000000082093c4                sl_si91x_bus_read_frame
 .text.sl_si91x_bus_write_frame
                0x00000000082093d0       0x24 libslc_out_of_box_demo.a(sl_si91x_bus.c.obj)
                0x00000000082093d0                sl_si91x_bus_write_frame
 .text.sli_submit_rx_buffer
                0x00000000082093f4       0x16 libslc_out_of_box_demo.a(sl_si91x_bus.c.obj)
                0x00000000082093f4                sli_submit_rx_buffer
 *fill*         0x000000000820940a        0x2 
 .text.rsi_update_tx_dma_desc
                0x000000000820940c       0x28 libslc_out_of_box_demo.a(sl_si91x_bus.c.obj)
                0x000000000820940c                rsi_update_tx_dma_desc
 .text.rsi_update_rx_dma_desc
                0x0000000008209434       0x10 libslc_out_of_box_demo.a(sl_si91x_bus.c.obj)
                0x0000000008209434                rsi_update_rx_dma_desc
 .text.sli_si91x_config_m4_dma_desc_on_reset
                0x0000000008209444       0x48 libslc_out_of_box_demo.a(sl_si91x_bus.c.obj)
                0x0000000008209444                sli_si91x_config_m4_dma_desc_on_reset
 .text.rsi_waitfor_boardready
                0x000000000820948c       0x44 libslc_out_of_box_demo.a(sli_siwx917_soc.c.obj)
                0x000000000820948c                rsi_waitfor_boardready
 .text.rsi_select_option
                0x00000000082094d0       0x80 libslc_out_of_box_demo.a(sli_siwx917_soc.c.obj)
                0x00000000082094d0                rsi_select_option
 .text.unmask_ta_interrupt
                0x0000000008209550        0xc libslc_out_of_box_demo.a(sli_siwx917_soc.c.obj)
                0x0000000008209550                unmask_ta_interrupt
 .text.sli_m4_ta_interrupt_init
                0x000000000820955c       0x2c libslc_out_of_box_demo.a(sli_siwx917_soc.c.obj)
                0x000000000820955c                sli_m4_ta_interrupt_init
 .text.rsi_ble_start_advertising
                0x0000000008209588       0x5c libslc_out_of_box_demo.a(rsi_ble_gap_apis.c.obj)
                0x0000000008209588                rsi_ble_start_advertising
 .text.rsi_ble_set_advertise_data
                0x00000000082095e4       0x38 libslc_out_of_box_demo.a(rsi_ble_gap_apis.c.obj)
                0x00000000082095e4                rsi_ble_set_advertise_data
 .text.rsi_ble_conn_params_update
                0x000000000820961c       0x30 libslc_out_of_box_demo.a(rsi_ble_gap_apis.c.obj)
                0x000000000820961c                rsi_ble_conn_params_update
 .text.rsi_ble_set_data_len
                0x000000000820964c       0x26 libslc_out_of_box_demo.a(rsi_ble_gap_apis.c.obj)
                0x000000000820964c                rsi_ble_set_data_len
 .text.rsi_ble_add_service
                0x0000000008209672       0x30 libslc_out_of_box_demo.a(rsi_ble_gatt_apis.c.obj)
                0x0000000008209672                rsi_ble_add_service
 .text.rsi_ble_add_attribute
                0x00000000082096a2        0xa libslc_out_of_box_demo.a(rsi_ble_gatt_apis.c.obj)
                0x00000000082096a2                rsi_ble_add_attribute
 .text.rsi_ble_set_local_att_value
                0x00000000082096ac       0x3a libslc_out_of_box_demo.a(rsi_ble_gatt_apis.c.obj)
                0x00000000082096ac                rsi_ble_set_local_att_value
 .text.rsi_ble_mtu_exchange_event
                0x00000000082096e6       0x24 libslc_out_of_box_demo.a(rsi_ble_gatt_apis.c.obj)
                0x00000000082096e6                rsi_ble_mtu_exchange_event
 *fill*         0x000000000820970a        0x2 
 .text.rsi_bt_get_proto_type
                0x000000000820970c      0x10c libslc_out_of_box_demo.a(rsi_bt_ble.c.obj)
                0x000000000820970c                rsi_bt_get_proto_type
 .text.rsi_bt_get_timeout
                0x0000000008209818       0x88 libslc_out_of_box_demo.a(rsi_bt_ble.c.obj)
                0x0000000008209818                rsi_bt_get_timeout
 .text.rsi_bt_common_tx_done
                0x00000000082098a0       0x32 libslc_out_of_box_demo.a(rsi_bt_ble.c.obj)
                0x00000000082098a0                rsi_bt_common_tx_done
 *fill*         0x00000000082098d2        0x2 
 .text.rsi_ble_update_le_dev_buf
                0x00000000082098d4       0x5c libslc_out_of_box_demo.a(rsi_bt_ble.c.obj)
                0x00000000082098d4                rsi_ble_update_le_dev_buf
 .text.rsi_add_remote_ble_dev_info
                0x0000000008209930       0x50 libslc_out_of_box_demo.a(rsi_bt_ble.c.obj)
                0x0000000008209930                rsi_add_remote_ble_dev_info
 .text.rsi_remove_remote_ble_dev_info
                0x0000000008209980       0x58 libslc_out_of_box_demo.a(rsi_bt_ble.c.obj)
                0x0000000008209980                rsi_remove_remote_ble_dev_info
 .text.rsi_ble_callbacks_handler
                0x00000000082099d8      0x3e0 libslc_out_of_box_demo.a(rsi_bt_ble.c.obj)
                0x00000000082099d8                rsi_ble_callbacks_handler
 .text.rsi_driver_process_bt_resp
                0x0000000008209db8       0xd8 libslc_out_of_box_demo.a(rsi_bt_ble.c.obj)
                0x0000000008209db8                rsi_driver_process_bt_resp
 .text.rsi_driver_process_bt_resp_handler
                0x0000000008209e90       0x58 libslc_out_of_box_demo.a(rsi_bt_ble.c.obj)
                0x0000000008209e90                rsi_driver_process_bt_resp_handler
 .text.rsi_bt_cb_init
                0x0000000008209ee8       0x4c libslc_out_of_box_demo.a(rsi_bt_ble.c.obj)
                0x0000000008209ee8                rsi_bt_cb_init
 .text.rsi_bt_global_cb_init
                0x0000000008209f34        0xc libslc_out_of_box_demo.a(rsi_bt_ble.c.obj)
                0x0000000008209f34                rsi_bt_global_cb_init
 .text.rsi_bt_common_init
                0x0000000008209f40       0x24 libslc_out_of_box_demo.a(rsi_bt_ble.c.obj)
                0x0000000008209f40                rsi_bt_common_init
 .text.rsi_ble_gap_register_callbacks
                0x0000000008209f64       0x34 libslc_out_of_box_demo.a(rsi_bt_ble.c.obj)
                0x0000000008209f64                rsi_ble_gap_register_callbacks
 .text.rsi_ble_gap_extended_register_callbacks
                0x0000000008209f98       0x14 libslc_out_of_box_demo.a(rsi_bt_ble.c.obj)
                0x0000000008209f98                rsi_ble_gap_extended_register_callbacks
 .text.rsi_ble_gatt_register_callbacks
                0x0000000008209fac       0x84 libslc_out_of_box_demo.a(rsi_bt_ble.c.obj)
                0x0000000008209fac                rsi_ble_gatt_register_callbacks
 .text.rsi_bt_prepare_common_pkt
                0x000000000820a030      0x14c libslc_out_of_box_demo.a(rsi_bt_ble.c.obj)
                0x000000000820a030                rsi_bt_prepare_common_pkt
 .text.rsi_bt_prepare_le_pkt
                0x000000000820a17c      0x760 libslc_out_of_box_demo.a(rsi_bt_ble.c.obj)
                0x000000000820a17c                rsi_bt_prepare_le_pkt
 .text.rsi_bt_driver_send_cmd
                0x000000000820a8dc      0x1bc libslc_out_of_box_demo.a(rsi_bt_ble.c.obj)
                0x000000000820a8dc                rsi_bt_driver_send_cmd
 .text.rsi_bt_set_local_name
                0x000000000820aa98       0x48 libslc_out_of_box_demo.a(rsi_bt_common_apis.c.obj)
                0x000000000820aa98                rsi_bt_set_local_name
 .text.rsi_bt_power_save_profile
                0x000000000820aae0       0x70 libslc_out_of_box_demo.a(rsi_bt_common_apis.c.obj)
                0x000000000820aae0                rsi_bt_power_save_profile
 .text.rsi_ble_driver_init
                0x000000000820ab50       0xa0 libslc_out_of_box_demo.a(rsi_common_apis.c.obj)
                0x000000000820ab50                rsi_ble_driver_init
 .text.rsi_ble_driver_deinit
                0x000000000820abf0       0x64 libslc_out_of_box_demo.a(rsi_common_apis.c.obj)
                0x000000000820abf0                rsi_ble_driver_deinit
 .text.rsi_uint16_to_2bytes
                0x000000000820ac54       0x1c libslc_out_of_box_demo.a(rsi_utils.c.obj)
                0x000000000820ac54                rsi_uint16_to_2bytes
 .text.rsi_bytes2R_to_uint16
                0x000000000820ac70       0x14 libslc_out_of_box_demo.a(rsi_utils.c.obj)
                0x000000000820ac70                rsi_bytes2R_to_uint16
 .text.rsi_ascii_hex2num
                0x000000000820ac84       0x2e libslc_out_of_box_demo.a(rsi_utils.c.obj)
                0x000000000820ac84                rsi_ascii_hex2num
 .text.rsi_char_hex2dec
                0x000000000820acb2       0x2a libslc_out_of_box_demo.a(rsi_utils.c.obj)
                0x000000000820acb2                rsi_char_hex2dec
 .text.rsi_ascii_dev_address_to_6bytes_rev
                0x000000000820acdc       0x70 libslc_out_of_box_demo.a(rsi_utils.c.obj)
                0x000000000820acdc                rsi_ascii_dev_address_to_6bytes_rev
 .text.hex_to_ascii
                0x000000000820ad4c       0x12 libslc_out_of_box_demo.a(rsi_utils.c.obj)
                0x000000000820ad4c                hex_to_ascii
 .text.rsi_6byte_dev_address_to_ascii
                0x000000000820ad5e       0x36 libslc_out_of_box_demo.a(rsi_utils.c.obj)
                0x000000000820ad5e                rsi_6byte_dev_address_to_ascii
 .text.sl_si91x_bt_set_performance_profile
                0x000000000820ad94       0x58 libslc_out_of_box_demo.a(sl_si91x_ble.c.obj)
                0x000000000820ad94                sl_si91x_bt_set_performance_profile
 .text.sl_si91x_errno
                0x000000000820adec       0x1c libslc_out_of_box_demo.a(sl_si91x_errno.c.obj)
                0x000000000820adec                sl_si91x_errno
 .text.sl_si91x_bus_rx_irq_handler
                0x000000000820ae08        0x4 libslc_out_of_box_demo.a(siwx917_soc_ncp_host.c.obj)
                0x000000000820ae08                sl_si91x_bus_rx_irq_handler
 .text.sl_si91x_bus_rx_done_handler
                0x000000000820ae0c        0x2 libslc_out_of_box_demo.a(siwx917_soc_ncp_host.c.obj)
                0x000000000820ae0c                sl_si91x_bus_rx_done_handler
 .text.sl_si91x_host_init
                0x000000000820ae0e        0xa libslc_out_of_box_demo.a(siwx917_soc_ncp_host.c.obj)
                0x000000000820ae0e                sl_si91x_host_init
 .text.sl_si91x_host_deinit
                0x000000000820ae18        0x4 libslc_out_of_box_demo.a(siwx917_soc_ncp_host.c.obj)
                0x000000000820ae18                sl_si91x_host_deinit
 .text.sl_si91x_host_hold_in_reset
                0x000000000820ae1c        0x2 libslc_out_of_box_demo.a(siwx917_soc_ncp_host.c.obj)
                0x000000000820ae1c                sl_si91x_host_hold_in_reset
 .text.sl_si91x_host_release_from_reset
                0x000000000820ae1e        0x2 libslc_out_of_box_demo.a(siwx917_soc_ncp_host.c.obj)
                0x000000000820ae1e                sl_si91x_host_release_from_reset
 .text.sl_si91x_host_enable_bus_interrupt
                0x000000000820ae20        0x2 libslc_out_of_box_demo.a(siwx917_soc_ncp_host.c.obj)
                0x000000000820ae20                sl_si91x_host_enable_bus_interrupt
 .text.sl_si91x_host_disable_bus_interrupt
                0x000000000820ae22        0x2 libslc_out_of_box_demo.a(siwx917_soc_ncp_host.c.obj)
                0x000000000820ae22                sl_si91x_host_disable_bus_interrupt
 .text.sl_si91x_host_is_in_irq_context
                0x000000000820ae24       0x14 libslc_out_of_box_demo.a(siwx917_soc_ncp_host.c.obj)
                0x000000000820ae24                sl_si91x_host_is_in_irq_context
 .text.sl_si91x_send_ping
                0x000000000820ae38       0x88 libslc_out_of_box_demo.a(sl_net_ping.c.obj)
                0x000000000820ae38                sl_si91x_send_ping
 .text.sl_si91x_host_init_buffer_manager
                0x000000000820aec0       0x18 libslc_out_of_box_demo.a(malloc_buffers.c.obj)
                0x000000000820aec0                sl_si91x_host_init_buffer_manager
 .text.sl_si91x_host_deinit_buffer_manager
                0x000000000820aed8       0x18 libslc_out_of_box_demo.a(malloc_buffers.c.obj)
                0x000000000820aed8                sl_si91x_host_deinit_buffer_manager
 .text.sl_si91x_host_allocate_buffer
                0x000000000820aef0       0x60 libslc_out_of_box_demo.a(malloc_buffers.c.obj)
                0x000000000820aef0                sl_si91x_host_allocate_buffer
 .text.sl_si91x_host_get_buffer_data
                0x000000000820af50       0x16 libslc_out_of_box_demo.a(malloc_buffers.c.obj)
                0x000000000820af50                sl_si91x_host_get_buffer_data
 *fill*         0x000000000820af66        0x2 
 .text.sl_si91x_host_free_buffer
                0x000000000820af68       0x28 libslc_out_of_box_demo.a(malloc_buffers.c.obj)
                0x000000000820af68                sl_si91x_host_free_buffer
 .text.sli_fw_status_storage_index_init
                0x000000000820af90       0x30 libslc_out_of_box_demo.a(sl_rsi_utility.c.obj)
                0x000000000820af90                sli_fw_status_storage_index_init
 .text.sli_handle_wifi_beacon
                0x000000000820afc0      0x2b4 libslc_out_of_box_demo.a(sl_rsi_utility.c.obj)
                0x000000000820afc0                sli_handle_wifi_beacon
 .text.sli_wifi_flush_scan_results_database
                0x000000000820b274       0x1c libslc_out_of_box_demo.a(sl_rsi_utility.c.obj)
                0x000000000820b274                sli_wifi_flush_scan_results_database
 .text.save_wifi_current_performance_profile
                0x000000000820b290       0x34 libslc_out_of_box_demo.a(sl_rsi_utility.c.obj)
                0x000000000820b290                save_wifi_current_performance_profile
 .text.get_wifi_current_performance_profile
                0x000000000820b2c4       0x2c libslc_out_of_box_demo.a(sl_rsi_utility.c.obj)
                0x000000000820b2c4                get_wifi_current_performance_profile
 .text.get_coex_performance_profile
                0x000000000820b2f0       0xfc libslc_out_of_box_demo.a(sl_rsi_utility.c.obj)
                0x000000000820b2f0                get_coex_performance_profile
 .text.reset_coex_current_performance_profile
                0x000000000820b3ec       0x10 libslc_out_of_box_demo.a(sl_rsi_utility.c.obj)
                0x000000000820b3ec                reset_coex_current_performance_profile
 .text.save_bt_current_performance_profile
                0x000000000820b3fc       0x14 libslc_out_of_box_demo.a(sl_rsi_utility.c.obj)
                0x000000000820b3fc                save_bt_current_performance_profile
 .text.get_bt_current_performance_profile
                0x000000000820b410       0x14 libslc_out_of_box_demo.a(sl_rsi_utility.c.obj)
                0x000000000820b410                get_bt_current_performance_profile
 .text.save_tcp_auto_close_choice
                0x000000000820b424        0xc libslc_out_of_box_demo.a(sl_rsi_utility.c.obj)
                0x000000000820b424                save_tcp_auto_close_choice
 .text.get_max_tx_power
                0x000000000820b430       0x24 libslc_out_of_box_demo.a(sl_rsi_utility.c.obj)
                0x000000000820b430                get_max_tx_power
 .text.reset_max_tx_power
                0x000000000820b454       0x10 libslc_out_of_box_demo.a(sl_rsi_utility.c.obj)
                0x000000000820b454                reset_max_tx_power
 .text.set_card_ready_required
                0x000000000820b464        0xc libslc_out_of_box_demo.a(sl_rsi_utility.c.obj)
                0x000000000820b464                set_card_ready_required
 .text.get_card_ready_required
                0x000000000820b470        0xc libslc_out_of_box_demo.a(sl_rsi_utility.c.obj)
                0x000000000820b470                get_card_ready_required
 .text.save_coex_mode
                0x000000000820b47c        0xc libslc_out_of_box_demo.a(sl_rsi_utility.c.obj)
                0x000000000820b47c                save_coex_mode
 .text.convert_si91x_event_to_sl_wifi_event
                0x000000000820b488      0x198 libslc_out_of_box_demo.a(sl_rsi_utility.c.obj)
                0x000000000820b488                convert_si91x_event_to_sl_wifi_event
 .text.get_saved_sl_wifi_rate
                0x000000000820b620       0x14 libslc_out_of_box_demo.a(sl_rsi_utility.c.obj)
                0x000000000820b620                get_saved_sl_wifi_rate
 .text.reset_sl_wifi_rate
                0x000000000820b634        0xc libslc_out_of_box_demo.a(sl_rsi_utility.c.obj)
                0x000000000820b634                reset_sl_wifi_rate
 .text.save_ap_configuration
                0x000000000820b640       0x28 libslc_out_of_box_demo.a(sl_rsi_utility.c.obj)
                0x000000000820b640                save_ap_configuration
 .text.reset_ap_configuration
                0x000000000820b668       0x14 libslc_out_of_box_demo.a(sl_rsi_utility.c.obj)
                0x000000000820b668                reset_ap_configuration
 .text.convert_performance_profile_to_power_save_command
                0x000000000820b67c       0x5c libslc_out_of_box_demo.a(sl_rsi_utility.c.obj)
                0x000000000820b67c                convert_performance_profile_to_power_save_command
 .text.convert_sl_wifi_to_sl_si91x_encryption
                0x000000000820b6d8       0x22 libslc_out_of_box_demo.a(sl_rsi_utility.c.obj)
                0x000000000820b6d8                convert_sl_wifi_to_sl_si91x_encryption
 *fill*         0x000000000820b6fa        0x2 
 .text.sl_si91x_platform_init
                0x000000000820b6fc       0xe4 libslc_out_of_box_demo.a(sl_rsi_utility.c.obj)
                0x000000000820b6fc                sl_si91x_platform_init
 .text.sl_si91x_platform_deinit
                0x000000000820b7e0       0x94 libslc_out_of_box_demo.a(sl_rsi_utility.c.obj)
                0x000000000820b7e0                sl_si91x_platform_deinit
 .text.sl_si91x_host_elapsed_time
                0x000000000820b874       0x16 libslc_out_of_box_demo.a(sl_rsi_utility.c.obj)
                0x000000000820b874                sl_si91x_host_elapsed_time
 *fill*         0x000000000820b88a        0x2 
 .text.sli_si91x_set_event
                0x000000000820b88c       0x10 libslc_out_of_box_demo.a(sl_rsi_utility.c.obj)
                0x000000000820b88c                sli_si91x_set_event
 .text.sli_si91x_add_to_queue
                0x000000000820b89c        0xa libslc_out_of_box_demo.a(sl_rsi_utility.c.obj)
                0x000000000820b89c                sli_si91x_add_to_queue
 .text.sli_si91x_remove_from_queue
                0x000000000820b8a6        0x4 libslc_out_of_box_demo.a(sl_rsi_utility.c.obj)
                0x000000000820b8a6                sli_si91x_remove_from_queue
 *fill*         0x000000000820b8aa        0x2 
 .text.sli_si91x_flush_generic_data_queues
                0x000000000820b8ac       0x3c libslc_out_of_box_demo.a(sl_rsi_utility.c.obj)
                0x000000000820b8ac                sli_si91x_flush_generic_data_queues
 .text.sli_reset_command_queue_trace
                0x000000000820b8e8       0x10 libslc_out_of_box_demo.a(sl_rsi_utility.c.obj)
                0x000000000820b8e8                sli_reset_command_queue_trace
 .text.sli_flush_tx_packet
                0x000000000820b8f8       0x62 libslc_out_of_box_demo.a(sl_rsi_utility.c.obj)
                0x000000000820b8f8                sli_flush_tx_packet
 *fill*         0x000000000820b95a        0x2 
 .text.sli_flush_tx_queue
                0x000000000820b95c       0x88 libslc_out_of_box_demo.a(sl_rsi_utility.c.obj)
                0x000000000820b95c                sli_flush_tx_queue
 .text.sli_flush_command_in_flight_packet
                0x000000000820b9e4       0x64 libslc_out_of_box_demo.a(sl_rsi_utility.c.obj)
                0x000000000820b9e4                sli_flush_command_in_flight_packet
 .text.sli_handle_command_in_flight_packet
                0x000000000820ba48       0x80 libslc_out_of_box_demo.a(sl_rsi_utility.c.obj)
                0x000000000820ba48                sli_handle_command_in_flight_packet
 .text.sli_si91x_flush_queue_based_on_type
                0x000000000820bac8       0x5c libslc_out_of_box_demo.a(sl_rsi_utility.c.obj)
                0x000000000820bac8                sli_si91x_flush_queue_based_on_type
 .text.sli_si91x_flush_all_tx_wifi_queues
                0x000000000820bb24       0x40 libslc_out_of_box_demo.a(sl_rsi_utility.c.obj)
                0x000000000820bb24                sli_si91x_flush_all_tx_wifi_queues
 .text.sli_si91x_flush_socket_command_queues_based_on_queue_type
                0x000000000820bb64      0x258 libslc_out_of_box_demo.a(sl_rsi_utility.c.obj)
                0x000000000820bb64                sli_si91x_flush_socket_command_queues_based_on_queue_type
 .text.sli_si91x_flush_all_socket_command_queues
                0x000000000820bdbc       0x34 libslc_out_of_box_demo.a(sl_rsi_utility.c.obj)
                0x000000000820bdbc                sli_si91x_flush_all_socket_command_queues
 .text.sli_si91x_flush_socket_data_queues_based_on_queue_type
                0x000000000820bdf0       0x48 libslc_out_of_box_demo.a(sl_rsi_utility.c.obj)
                0x000000000820bdf0                sli_si91x_flush_socket_data_queues_based_on_queue_type
 .text.sli_si91x_flush_all_socket_data_queues
                0x000000000820be38       0x30 libslc_out_of_box_demo.a(sl_rsi_utility.c.obj)
                0x000000000820be38                sli_si91x_flush_all_socket_data_queues
 .text.sl_si91x_host_queue_status
                0x000000000820be68        0xa libslc_out_of_box_demo.a(sl_rsi_utility.c.obj)
                0x000000000820be68                sl_si91x_host_queue_status
 *fill*         0x000000000820be72        0x2 
 .text.sli_si91x_wait_for_event
                0x000000000820be74       0x20 libslc_out_of_box_demo.a(sl_rsi_utility.c.obj)
                0x000000000820be74                sli_si91x_wait_for_event
 .text.sli_si91x_send_power_save_request
                0x000000000820be94       0x74 libslc_out_of_box_demo.a(sl_rsi_utility.c.obj)
                0x000000000820be94                sli_si91x_send_power_save_request
 .text.sl_si91x_host_power_cycle
                0x000000000820bf08       0x1a libslc_out_of_box_demo.a(sl_rsi_utility.c.obj)
                0x000000000820bf08                sl_si91x_host_power_cycle
 *fill*         0x000000000820bf22        0x2 
 .text.sli_si91x_update_flash_command_status
                0x000000000820bf24        0xc libslc_out_of_box_demo.a(sl_rsi_utility.c.obj)
                0x000000000820bf24                sli_si91x_update_flash_command_status
 .text.sl_si91x_is_device_initialized
                0x000000000820bf30        0xc libslc_out_of_box_demo.a(sl_rsi_utility.c.obj)
                0x000000000820bf30                sl_si91x_is_device_initialized
 .text.sli_si91x_remove_buffer_from_queue_by_comparator
                0x000000000820bf3c       0x88 libslc_out_of_box_demo.a(sl_rsi_utility.c.obj)
                0x000000000820bf3c                sli_si91x_remove_buffer_from_queue_by_comparator
 .text.sl_si91x_host_get_credentials
                0x000000000820bfc4       0x30 libslc_out_of_box_demo.a(sl_rsi_utility.c.obj)
                0x000000000820bfc4                sl_si91x_host_get_credentials
 .text.si91x_packet_identification_function
                0x000000000820bff4        0xc libslc_out_of_box_demo.a(sl_si91x_driver.c.obj)
 .text.sli_si91x_allocate_command_buffer
                0x000000000820c000       0x24 libslc_out_of_box_demo.a(sl_si91x_driver.c.obj)
                0x000000000820c000                sli_si91x_allocate_command_buffer
 .text.get_opermode
                0x000000000820c024        0xc libslc_out_of_box_demo.a(sl_si91x_driver.c.obj)
                0x000000000820c024                get_opermode
 .text.sl_si91x_set_join_configuration
                0x000000000820c030       0x20 libslc_out_of_box_demo.a(sl_si91x_driver.c.obj)
                0x000000000820c030                sl_si91x_set_join_configuration
 .text.sl_si91x_get_join_configuration
                0x000000000820c050       0x2c libslc_out_of_box_demo.a(sl_si91x_driver.c.obj)
                0x000000000820c050                sl_si91x_get_join_configuration
 .text.sl_si91x_get_listen_interval
                0x000000000820c07c        0xc libslc_out_of_box_demo.a(sl_si91x_driver.c.obj)
                0x000000000820c07c                sl_si91x_get_listen_interval
 .text.sli_si91x_append_to_buffer_queue
                0x000000000820c088       0x3c libslc_out_of_box_demo.a(sl_si91x_driver.c.obj)
                0x000000000820c088                sli_si91x_append_to_buffer_queue
 .text.sl_si91x_driver_send_async_command
                0x000000000820c0c4       0xc8 libslc_out_of_box_demo.a(sl_si91x_driver.c.obj)
                0x000000000820c0c4                sl_si91x_driver_send_async_command
 .text.sli_si91x_pop_from_buffer_queue
                0x000000000820c18c       0x54 libslc_out_of_box_demo.a(sl_si91x_driver.c.obj)
                0x000000000820c18c                sli_si91x_pop_from_buffer_queue
 .text.sli_si91x_driver_wait_for_response_packet
                0x000000000820c1e0       0xb4 libslc_out_of_box_demo.a(sl_si91x_driver.c.obj)
                0x000000000820c1e0                sli_si91x_driver_wait_for_response_packet
 .text.sl_si91x_driver_send_command_packet
                0x000000000820c294      0x198 libslc_out_of_box_demo.a(sl_si91x_driver.c.obj)
                0x000000000820c294                sl_si91x_driver_send_command_packet
 .text.sl_si91x_driver_send_command.part.0
                0x000000000820c42c       0x68 libslc_out_of_box_demo.a(sl_si91x_driver.c.obj)
 .text.sl_si91x_driver_send_command
                0x000000000820c494       0x1e libslc_out_of_box_demo.a(sl_si91x_driver.c.obj)
                0x000000000820c494                sl_si91x_driver_send_command
 *fill*         0x000000000820c4b2        0x2 
 .text.sl_si91x_driver_deinit
                0x000000000820c4b4       0xf0 libslc_out_of_box_demo.a(sl_si91x_driver.c.obj)
                0x000000000820c4b4                sl_si91x_driver_deinit
 .text.sl_si91x_get_flash_efuse_data
                0x000000000820c5a4       0x78 libslc_out_of_box_demo.a(sl_si91x_driver.c.obj)
                0x000000000820c5a4                sl_si91x_get_flash_efuse_data
 .text.sl_si91x_wifi_set_certificate_index
                0x000000000820c61c       0xa8 libslc_out_of_box_demo.a(sl_si91x_driver.c.obj)
                0x000000000820c61c                sl_si91x_wifi_set_certificate_index
 .text.sl_si91x_set_device_region
                0x000000000820c6c4      0x354 libslc_out_of_box_demo.a(sl_si91x_driver.c.obj)
                0x000000000820c6c4                sl_si91x_set_device_region
 .text.sl_si91x_m4_ta_secure_handshake
                0x000000000820ca18       0x5e libslc_out_of_box_demo.a(sl_si91x_driver.c.obj)
                0x000000000820ca18                sl_si91x_m4_ta_secure_handshake
 .text.sl_si91x_configure_timeout
                0x000000000820ca76       0x38 libslc_out_of_box_demo.a(sl_si91x_driver.c.obj)
                0x000000000820ca76                sl_si91x_configure_timeout
 *fill*         0x000000000820caae        0x2 
 .text.sl_si91x_driver_init_wifi_radio
                0x000000000820cab0       0xd4 libslc_out_of_box_demo.a(sl_si91x_driver.c.obj)
                0x000000000820cab0                sl_si91x_driver_init_wifi_radio
 .text.sl_si91x_driver_init
                0x000000000820cb84      0x298 libslc_out_of_box_demo.a(sl_si91x_driver.c.obj)
                0x000000000820cb84                sl_si91x_driver_init
 .text.sl_si91x_driver_send_bt_command
                0x000000000820ce1c       0x24 libslc_out_of_box_demo.a(sl_si91x_driver.c.obj)
                0x000000000820ce1c                sl_si91x_driver_send_bt_command
 .text.sl_si91x_get_firmware_version
                0x000000000820ce40       0x88 libslc_out_of_box_demo.a(sl_si91x_driver.c.obj)
                0x000000000820ce40                sl_si91x_get_firmware_version
 .text.set_async_event
                0x000000000820cec8       0x10 libslc_out_of_box_demo.a(sli_si91x_multithreaded.c.obj)
 .text.bus_write_data_frame
                0x000000000820ced8       0xa4 libslc_out_of_box_demo.a(sli_si91x_multithreaded.c.obj)
 .text.bus_write_frame.constprop.0.isra.0
                0x000000000820cf7c      0x130 libslc_out_of_box_demo.a(sli_si91x_multithreaded.c.obj)
 .text.sl_create_generic_rx_packet_from_params
                0x000000000820d0ac       0x6c libslc_out_of_box_demo.a(sli_si91x_multithreaded.c.obj)
                0x000000000820d0ac                sl_create_generic_rx_packet_from_params
 .text.sli_handle_dhcp_and_rejoin_failure
                0x000000000820d118       0x7c libslc_out_of_box_demo.a(sli_si91x_multithreaded.c.obj)
                0x000000000820d118                sli_handle_dhcp_and_rejoin_failure
 .text.sl_si91x_host_process_data_frame
                0x000000000820d194        0x4 libslc_out_of_box_demo.a(sli_si91x_multithreaded.c.obj)
                0x000000000820d194                sl_si91x_host_process_data_frame
 .text.si91x_event_handler_thread
                0x000000000820d198      0x184 libslc_out_of_box_demo.a(sli_si91x_multithreaded.c.obj)
                0x000000000820d198                si91x_event_handler_thread
 .text.sli_si91x_is_bus_ready
                0x000000000820d31c       0x2c libslc_out_of_box_demo.a(sli_si91x_multithreaded.c.obj)
                0x000000000820d31c                sli_si91x_is_bus_ready
 .text.si91x_bus_thread
                0x000000000820d348      0xf78 libslc_out_of_box_demo.a(sli_si91x_multithreaded.c.obj)
                0x000000000820d348                si91x_bus_thread
 .text.get_configured_join_request
                0x000000000820e2c0      0x122 libslc_out_of_box_demo.a(sl_wifi.c.obj)
 .text.sl_wifi_init
                0x000000000820e3e2       0x28 libslc_out_of_box_demo.a(sl_wifi.c.obj)
                0x000000000820e3e2                sl_wifi_init
 .text.sl_wifi_set_mac_address
                0x000000000820e40a       0x26 libslc_out_of_box_demo.a(sl_wifi.c.obj)
                0x000000000820e40a                sl_wifi_set_mac_address
 .text.sl_wifi_get_mac_address